[Licensing::Module] Trying to connect to existing licensing client channel...
Built from '6000.3/staging' branch; Version is '6000.3.24f1 (4e7b9b5b6244) revision 5143451'; Using compiler version '194234433'; Build Type 'Release'
OS: 'Windows 11  (10.0.26200) Core' Language: 'ja' Physical Memory: 28476 MB
BatchMode: 1, IsHumanControllingUs: 0, StartBugReporterOnCrash: 0, Is64bit: 1
System  architecture: x64
Process architecture: x64
Date: 2026-10-09T14:57:09Z
[Licensing::IpcConnector] Successfully connected to: "LicenseClient-hirot" at "2026-10-09T14:57:09.4931301Z"

COMMAND LINE ARGUMENTS:
C:\Program Files\Unity\Hub\Editor\6000.3.24f1\Editor\Unity.exe
-batchmode
-quit
-projectPath
C:/Users/hirot/Desktop/Development/Unity/virtual-my-house
-executeMethod
VirtualHouse.Editor.HouseBlockoutGenerator.UpdateAndValidateOutdoorLayout
-logFile
C:/Users/hirot/Desktop/Development/Unity/virtual-my-house/outdoor-revision-preview.log
Successfully changed project path to: C:/Users/hirot/Desktop/Development/Unity/virtual-my-house
C:/Users/hirot/Desktop/Development/Unity/virtual-my-house
[UnityMemory] Configuration Parameters - Can be set up in boot.config
    "memorysetup-temp-allocator-size-nav-mesh-worker=65536"
    "memorysetup-temp-allocator-size-audio-worker=65536"
    "memorysetup-temp-allocator-size-gfx=262144"
    "memorysetup-allocator-temp-initial-block-size-main=262144"
    "memorysetup-allocator-temp-initial-block-size-worker=262144"
    "memorysetup-temp-allocator-size-background-worker=32768"
    "memorysetup-temp-allocator-size-job-worker=262144"
    "memorysetup-temp-allocator-size-preload-manager=33554432"
    "memorysetup-remapper-allocator-initial-capacity=32768"
    "memorysetup-temp-allocator-size-gi-baking-worker=262144"
    "memorysetup-temp-allocator-size-gi-baking-worker=262144"
    "memorysetup-temp-allocator-size-gi-baking-worker=262144"
    "memorysetup-temp-allocator-size-gi-baking-worker=262144"
    "memorysetup-temp-allocator-size-gi-baking-worker=262144"
    "memorysetup-bucket-allocator-granularity=16"
    "memorysetup-bucket-allocator-bucket-count=8"
    "memorysetup-bucket-allocator-block-size=33554432"
    "memorysetup-bucket-allocator-block-count=8"
    "memorysetup-main-allocator-block-size=16777216"
    "memorysetup-thread-allocator-block-size=16777216"
    "memorysetup-gfx-main-allocator-block-size=16777216"
    "memorysetup-gfx-thread-allocator-block-size=16777216"
    "memorysetup-cache-allocator-block-size=4194304"
    "memorysetup-typetree-allocator-block-size=2097152"
    "memorysetup-profiler-bucket-allocator-granularity=16"
    "memorysetup-profiler-bucket-allocator-bucket-count=8"
    "memorysetup-profiler-bucket-allocator-block-size=33554432"
    "memorysetup-profiler-bucket-allocator-block-count=8"
    "memorysetup-profiler-allocator-block-size=16777216"
    "memorysetup-profiler-editor-allocator-block-size=1048576"
    "memorysetup-temp-allocator-size-main=16777216"
    "memorysetup-job-temp-allocator-block-size=2097152"
    "memorysetup-job-temp-allocator-block-size-background=1048576"
    "memorysetup-job-temp-allocator-reduction-small-platforms=262144"
    "memorysetup-temp-allocator-size-cloud-worker=32768"
Player connection [40132]  Target information:

Player connection [40132]  * "[IP] 172.26.16.1 [Port] 55504 [Flags] 2 [Guid] 405096490 [EditorId] 405096490 [Version] 1048832 [Id] WindowsEditor(7,Lenovo_2025) [Debug] 1 [PackageName] WindowsEditor [ProjectName] Editor" 

Player connection [40132]  * "[IP] 192.168.3.134 [Port] 55504 [Flags] 2 [Guid] 405096490 [EditorId] 405096490 [Version] 1048832 [Id] WindowsEditor(7,Lenovo_2025) [Debug] 1 [PackageName] WindowsEditor [ProjectName] Editor" 

Player connection [40132] Host joined multi-casting on [225.0.0.222:54997]...
Player connection [40132] Host joined alternative multi-casting on [225.0.0.222:34997]...
Input System module state changed to: Initialized.
[Physics::Module] Initialized fallback backend.
[Physics::Module] Id: 0xdecafbad
[Package Manager] Connected to IPC stream "Upm-33196" after 0.2 seconds.
[Licensing::Module] Licensing is not yet initialized.
[Licensing::Client] Error: HandshakeResponse reported an error:
	ResponseCode: 505
	ResponseStatus: Unsupported protocol version '1.18.3'.
[Licensing::Module] Error: Failed to handshake to channel: "LicenseClient-hirot"
[Licensing::IpcConnector] LicenseClient-hirot channel disconnected successfully.
[Licensing::IpcConnector] Channel LicenseClient-hirot-6000.3.24 doesn't exist
[Licensing::Module] Successfully launched the LicensingClient (PId: 8520)
[Licensing::IpcConnector] Successfully connected to: "LicenseClient-hirot-6000.3.24" at "2026-10-09T14:57:11.8575314Z"
[Licensing::Client] Code 10 while verifying Licensing Client signature (process Id: 8520, path: "C:/Program Files/Unity/Hub/Editor/6000.3.24f1/Editor/Data/Resources/Licensing/Client/Unity.Licensing.Client.exe")
[Licensing::Module] LicensingClient has failed validation; ignoring
[Licensing::Client] Handshaking with LicensingClient:
  Version:                 1.18.3+d7ffd15
  Session Id:              1851ba887d674658ad50c3a82fe8482c
  Correlation Id:          74f89e0927424bf13a50f3b30f315040
  External correlation Id: 8093003552587731559
  Machine Id:              nJag+EO5V1MQiwWSp86wfkAsNsI=
[Licensing::Module] Successfully connected to LicensingClient on channel: "LicenseClient-hirot-6000.3.24" (connect: 0.56s, validation: 0.06s, handshake: 0.01s)
[Licensing::IpcConnector] Successfully connected to: "LicenseClient-hirot-6000.3.24-notifications" at "2026-10-09T14:57:11.9223487Z"
[Licensing::Module] Connected to LicensingClient (PId: 8520, launch time: 0.01, total connection time: 0.63s)
[Licensing::Module] Error: Access token is unavailable; failed to update
[Licensing::Client] Successfully resolved entitlement details
[Licensing::Module] License group:
  Id: 15668393859854-UnityPersXXXX
  Product: Unity Personal
  Type: Assigned
  Expiration: Unlimited
[Licensing::Client] Successfully updated license, isAsync: True, time: 0.01
[Licensing::Client] Successfully resolved entitlement details
[Licensing::Module] Licensing Background thread has ended after 2.48s
[Licensing::Module] Licensing is initialized (took 2.01s).
[Licensing::Client] Successfully resolved entitlement details
Library Redirect Path: Library/
[Physics::Module] Selected backend.
[Physics::Module] Name: PhysX
[Physics::Module] Id: 0xf2b8ea05
[Physics::Module] SDK Version: 4.1.2
[Physics::Module] Integration Version: 1.0.0
[Physics::Module] Threading Mode: Multi-Threaded
Artifact Garbage Collection - Removed 5 unused hashed content files
Refreshing native plugins compatible for Editor in 0.92 ms, found 0 plugins.
Preloading 0 native plugins for Editor in 0.00 ms.
Initialize engine version: 6000.3.24f1 (4e7b9b5b6244)
[Subsystems] Discovering subsystems at path C:/Program Files/Unity/Hub/Editor/6000.3.24f1/Editor/Data/Resources/UnitySubsystems
[Subsystems] Discovering subsystems at path C:/Users/hirot/Desktop/Development/Unity/virtual-my-house/Assets
GfxDevice: creating device client; kGfxThreadingModeNonThreaded
d3d12: failed to query info queue interface (0x80004002).
Direct3D:
    Version:         Direct3D 12 [level 12.2]
    Renderer:        AMD Radeon(TM) 780M Graphics (ID=0x1900)
    Vendor:          ATI
    VRAM:            14238 MB
    App VRAM Budget: 17473 MB
    Driver:          32.0.21030.11004
    Unified Memory Architecture
Initialize mono
Mono path[0] = 'C:/Program Files/Unity/Hub/Editor/6000.3.24f1/Editor/Data/Managed'
Mono path[1] = 'C:/Program Files/Unity/Hub/Editor/6000.3.24f1/Editor/Data/MonoBleedingEdge/lib/mono/unityjit-win32'
Mono config path = 'C:/Program Files/Unity/Hub/Editor/6000.3.24f1/Editor/Data/MonoBleedingEdge/etc'
Using monoOptions --debugger-agent=transport=dt_socket,embedding=1,server=y,suspend=n,address=127.0.0.1:56196
Using cacheserver namespaces - metadata:defaultmetadata, artifacts:defaultartifacts
Using cacheserver namespaces - metadata:defaultmetadata, artifacts:defaultartifacts
ImportWorker Server TCP listen port: 0
AcceleratorClientConnectionCallback - disconnected - :0
Begin MonoManager ReloadAssembly
Registering precompiled unity dll's ...
Register platform support module: C:/Program Files/Unity/Hub/Editor/6000.3.24f1/Editor/Data/PlaybackEngines/WebGLSupport/UnityEditor.WebGL.Extensions.dll
Register platform support module: C:/Program Files/Unity/Hub/Editor/6000.3.24f1/Editor/Data/PlaybackEngines/WindowsStandaloneSupport/UnityEditor.WindowsStandalone.Extensions.dll
Registered in 0.003899 seconds.
- Loaded All Assemblies, in  0.378 seconds
Native extension for WindowsStandalone target not found
Native extension for WebGL target not found
Package Manager log level set to [2]
ScheduleIndexationOnStartup MainProcess:False IndexOnStartup:True
Mono: successfully reloaded assembly
- Finished resetting the current domain, in  0.315 seconds
Domain Reload Profiling: 692ms
	BeginReloadAssembly (154ms)
		ExecutionOrderSort (0ms)
		DisableScriptedObjects (0ms)
		BackupInstance (0ms)
		ReleaseScriptingObjects (0ms)
		CreateAndSetChildDomain (6ms)
	RebuildCommonClasses (31ms)
	RebuildNativeTypeToScriptingClass (10ms)
	initialDomainReloadingComplete (38ms)
	LoadAllAssembliesAndSetupDomain (142ms)
		LoadAssemblies (146ms)
		RebuildTransferFunctionScriptingTraits (0ms)
		AnalyzeDomain (138ms)
			TypeCache.Refresh (137ms)
				TypeCache.ScanAssembly (123ms)
			BuildScriptInfoCaches (0ms)
			ResolveRequiredComponents (0ms)
	FinalizeReload (316ms)
		ReleaseScriptCaches (0ms)
		RebuildScriptCaches (0ms)
		SetupLoadedEditorAssemblies (286ms)
			LogAssemblyErrors (0ms)
			InitializePlatformSupportModulesInManaged (38ms)
			SetLoadedEditorAssemblies (3ms)
			BeforeProcessingInitializeOnLoad (63ms)
			ProcessInitializeOnLoadAttributes (112ms)
			ProcessInitializeOnLoadMethodAttributes (69ms)
			AfterProcessingInitializeOnLoad (0ms)
			EditorAssembliesLoaded (0ms)
		ExecutionOrderSort2 (0ms)
		AwakeInstancesAfterBackupRestoration (0ms)
[Licensing::Client] Successfully resolved entitlement details
Application.AssetDatabase Initial Refresh Start
[Package Manager] Restoring resolved packages state from cache
[Licensing::Client] Successfully resolved entitlement details
[Package Manager] Registered 57 packages:
  Packages from [https://packages.unity.com]:
    com.unity.ai.navigation@2.0.14 (location: C:\Users\hirot\Desktop\Development\Unity\virtual-my-house\Library\PackageCache\com.unity.ai.navigation@134dd6a3b97b)
    com.unity.collab-proxy@2.13.6 (location: C:\Users\hirot\Desktop\Development\Unity\virtual-my-house\Library\PackageCache\com.unity.collab-proxy@4628d2ba6ea4)
    com.unity.ide.rider@3.0.40 (location: C:\Users\hirot\Desktop\Development\Unity\virtual-my-house\Library\PackageCache\com.unity.ide.rider@e4950c6d131b)
    com.unity.ide.visualstudio@2.0.26 (location: C:\Users\hirot\Desktop\Development\Unity\virtual-my-house\Library\PackageCache\com.unity.ide.visualstudio@a99d56dec63f)
    com.unity.inputsystem@1.20.0 (location: C:\Users\hirot\Desktop\Development\Unity\virtual-my-house\Library\PackageCache\com.unity.inputsystem@7a4e1a2a8194)
    com.unity.timeline@1.8.13 (location: C:\Users\hirot\Desktop\Development\Unity\virtual-my-house\Library\PackageCache\com.unity.timeline@3a22918286f5)
    com.unity.visualscripting@1.9.12 (location: C:\Users\hirot\Desktop\Development\Unity\virtual-my-house\Library\PackageCache\com.unity.visualscripting@4edfcc09512f)
    com.unity.searcher@4.9.5 (location: C:\Users\hirot\Desktop\Development\Unity\virtual-my-house\Library\PackageCache\com.unity.searcher@a463122f2c00)
    com.unity.burst@1.8.30 (location: C:\Users\hirot\Desktop\Development\Unity\virtual-my-house\Library\PackageCache\com.unity.burst@2f3d916873ea)
    com.unity.mathematics@1.3.3 (location: C:\Users\hirot\Desktop\Development\Unity\virtual-my-house\Library\PackageCache\com.unity.mathematics@19a9377c4ffa)
    com.unity.collections@2.6.8 (location: C:\Users\hirot\Desktop\Development\Unity\virtual-my-house\Library\PackageCache\com.unity.collections@84e8eb3fc12e)
    com.unity.nuget.mono-cecil@1.11.6 (location: C:\Users\hirot\Desktop\Development\Unity\virtual-my-house\Library\PackageCache\com.unity.nuget.mono-cecil@ecb9724e46ff)
    com.unity.test-framework.performance@3.5.0 (location: C:\Users\hirot\Desktop\Development\Unity\virtual-my-house\Library\PackageCache\com.unity.test-framework.performance@8b56083ec0f0)
  Built-in packages:
    com.unity.multiplayer.center@1.0.1 (location: C:\Users\hirot\Desktop\Development\Unity\virtual-my-house\Library\PackageCache\com.unity.multiplayer.center@f01f4ba8d00a)
    com.unity.render-pipelines.universal@17.3.0 (location: C:\Users\hirot\Desktop\Development\Unity\virtual-my-house\Library\PackageCache\com.unity.render-pipelines.universal@a8b4b2fc3560)
    com.unity.test-framework@1.6.0 (location: C:\Users\hirot\Desktop\Development\Unity\virtual-my-house\Library\PackageCache\com.unity.test-framework@bd7f943e9647)
    com.unity.ugui@2.0.0 (location: C:\Users\hirot\Desktop\Development\Unity\virtual-my-house\Library\PackageCache\com.unity.ugui@b996e7548785)
    com.unity.modules.accessibility@1.0.0 (location: C:\Users\hirot\Desktop\Development\Unity\virtual-my-house\Library\PackageCache\com.unity.modules.accessibility)
    com.unity.modules.adaptiveperformance@1.0.0 (location: C:\Users\hirot\Desktop\Development\Unity\virtual-my-house\Library\PackageCache\com.unity.modules.adaptiveperformance)
    com.unity.modules.ai@1.0.0 (location: C:\Users\hirot\Desktop\Development\Unity\virtual-my-house\Library\PackageCache\com.unity.modules.ai)
    com.unity.modules.androidjni@1.0.0 (location: C:\Users\hirot\Desktop\Development\Unity\virtual-my-house\Library\PackageCache\com.unity.modules.androidjni)
    com.unity.modules.animation@1.0.0 (location: C:\Users\hirot\Desktop\Development\Unity\virtual-my-house\Library\PackageCache\com.unity.modules.animation)
    com.unity.modules.assetbundle@1.0.0 (location: C:\Users\hirot\Desktop\Development\Unity\virtual-my-house\Library\PackageCache\com.unity.modules.assetbundle)
    com.unity.modules.audio@1.0.0 (location: C:\Users\hirot\Desktop\Development\Unity\virtual-my-house\Library\PackageCache\com.unity.modules.audio)
    com.unity.modules.cloth@1.0.0 (location: C:\Users\hirot\Desktop\Development\Unity\virtual-my-house\Library\PackageCache\com.unity.modules.cloth)
    com.unity.modules.director@1.0.0 (location: C:\Users\hirot\Desktop\Development\Unity\virtual-my-house\Library\PackageCache\com.unity.modules.director)
    com.unity.modules.imageconversion@1.0.0 (location: C:\Users\hirot\Desktop\Development\Unity\virtual-my-house\Library\PackageCache\com.unity.modules.imageconversion)
    com.unity.modules.imgui@1.0.0 (location: C:\Users\hirot\Desktop\Development\Unity\virtual-my-house\Library\PackageCache\com.unity.modules.imgui)
    com.unity.modules.jsonserialize@1.0.0 (location: C:\Users\hirot\Desktop\Development\Unity\virtual-my-house\Library\PackageCache\com.unity.modules.jsonserialize)
    com.unity.modules.particlesystem@1.0.0 (location: C:\Users\hirot\Desktop\Development\Unity\virtual-my-house\Library\PackageCache\com.unity.modules.particlesystem)
    com.unity.modules.physics@1.0.0 (location: C:\Users\hirot\Desktop\Development\Unity\virtual-my-house\Library\PackageCache\com.unity.modules.physics)
    com.unity.modules.physics2d@1.0.0 (location: C:\Users\hirot\Desktop\Development\Unity\virtual-my-house\Library\PackageCache\com.unity.modules.physics2d)
    com.unity.modules.screencapture@1.0.0 (location: C:\Users\hirot\Desktop\Development\Unity\virtual-my-house\Library\PackageCache\com.unity.modules.screencapture)
    com.unity.modules.terrain@1.0.0 (location: C:\Users\hirot\Desktop\Development\Unity\virtual-my-house\Library\PackageCache\com.unity.modules.terrain)
    com.unity.modules.terrainphysics@1.0.0 (location: C:\Users\hirot\Desktop\Development\Unity\virtual-my-house\Library\PackageCache\com.unity.modules.terrainphysics)
    com.unity.modules.tilemap@1.0.0 (location: C:\Users\hirot\Desktop\Development\Unity\virtual-my-house\Library\PackageCache\com.unity.modules.tilemap)
    com.unity.modules.ui@1.0.0 (location: C:\Users\hirot\Desktop\Development\Unity\virtual-my-house\Library\PackageCache\com.unity.modules.ui)
    com.unity.modules.uielements@1.0.0 (location: C:\Users\hirot\Desktop\Development\Unity\virtual-my-house\Library\PackageCache\com.unity.modules.uielements)
    com.unity.modules.umbra@1.0.0 (location: C:\Users\hirot\Desktop\Development\Unity\virtual-my-house\Library\PackageCache\com.unity.modules.umbra)
    com.unity.modules.unityanalytics@1.0.0 (location: C:\Users\hirot\Desktop\Development\Unity\virtual-my-house\Library\PackageCache\com.unity.modules.unityanalytics)
    com.unity.modules.unitywebrequest@1.0.0 (location: C:\Users\hirot\Desktop\Development\Unity\virtual-my-house\Library\PackageCache\com.unity.modules.unitywebrequest)
    com.unity.modules.unitywebrequestassetbundle@1.0.0 (location: C:\Users\hirot\Desktop\Development\Unity\virtual-my-house\Library\PackageCache\com.unity.modules.unitywebrequestassetbundle)
    com.unity.modules.unitywebrequestaudio@1.0.0 (location: C:\Users\hirot\Desktop\Development\Unity\virtual-my-house\Library\PackageCache\com.unity.modules.unitywebrequestaudio)
    com.unity.modules.unitywebrequesttexture@1.0.0 (location: C:\Users\hirot\Desktop\Development\Unity\virtual-my-house\Library\PackageCache\com.unity.modules.unitywebrequesttexture)
    com.unity.modules.unitywebrequestwww@1.0.0 (location: C:\Users\hirot\Desktop\Development\Unity\virtual-my-house\Library\PackageCache\com.unity.modules.unitywebrequestwww)
    com.unity.modules.vectorgraphics@1.0.0 (location: C:\Users\hirot\Desktop\Development\Unity\virtual-my-house\Library\PackageCache\com.unity.modules.vectorgraphics)
    com.unity.modules.vehicles@1.0.0 (location: C:\Users\hirot\Desktop\Development\Unity\virtual-my-house\Library\PackageCache\com.unity.modules.vehicles)
    com.unity.modules.video@1.0.0 (location: C:\Users\hirot\Desktop\Development\Unity\virtual-my-house\Library\PackageCache\com.unity.modules.video)
    com.unity.modules.vr@1.0.0 (location: C:\Users\hirot\Desktop\Development\Unity\virtual-my-house\Library\PackageCache\com.unity.modules.vr)
    com.unity.modules.wind@1.0.0 (location: C:\Users\hirot\Desktop\Development\Unity\virtual-my-house\Library\PackageCache\com.unity.modules.wind)
    com.unity.modules.xr@1.0.0 (location: C:\Users\hirot\Desktop\Development\Unity\virtual-my-house\Library\PackageCache\com.unity.modules.xr)
    com.unity.modules.subsystems@1.0.0 (location: C:\Users\hirot\Desktop\Development\Unity\virtual-my-house\Library\PackageCache\com.unity.modules.subsystems)
    com.unity.modules.hierarchycore@1.0.0 (location: C:\Users\hirot\Desktop\Development\Unity\virtual-my-house\Library\PackageCache\com.unity.modules.hierarchycore)
    com.unity.ext.nunit@2.0.5 (location: C:\Users\hirot\Desktop\Development\Unity\virtual-my-house\Library\PackageCache\com.unity.ext.nunit@d8c07649098d)
    com.unity.render-pipelines.core@17.3.0 (location: C:\Users\hirot\Desktop\Development\Unity\virtual-my-house\Library\PackageCache\com.unity.render-pipelines.core@0bb36005e9ba)
    com.unity.shadergraph@17.3.0 (location: C:\Users\hirot\Desktop\Development\Unity\virtual-my-house\Library\PackageCache\com.unity.shadergraph@30c2e3926b79)
    com.unity.render-pipelines.universal-config@17.0.3 (location: C:\Users\hirot\Desktop\Development\Unity\virtual-my-house\Library\PackageCache\com.unity.render-pipelines.universal-config@8dc1aab4af1d)
[Subsystems] No new subsystems found in resolved package list.
[Package Manager] Done registering packages in 0.09 seconds
[ScriptCompilation] Requested script compilation because: Assetdatabase observed changes in script compilation related files
Starting: C:\Program Files\Unity\Hub\Editor\6000.3.24f1\Editor\Data\Tools\BuildPipeline\bee_backend.exe --ipc --defer-dag-verification --dagfile="Library/Bee/2000b0aE.dag" --continue-on-failure --profile="Library/Bee/backend1.traceevents" ScriptAssemblies
WorkingDir: C:/Users/hirot/Desktop/Development/Unity/virtual-my-house
DisplayProgressbar: Compiling Scripts
ExitCode: 0 Duration: 1s959ms
[693/881    0s] ILPP-Configuration Library/ilpp-configuration.nevergeneratedoutput
[877/881    0s] Csc Library/Bee/artifacts/2000b0aE.dag/Assembly-CSharp-Editor.dll (+2 others)
[878/881    1s] ILPostProcess Library/Bee/artifacts/2000b0aE.dag/post-processed/Assembly-CSharp-Editor.dll (+pdb)
Processing assembly Library/Bee/artifacts/2000b0aE.dag/Assembly-CSharp-Editor.dll, with 112 defines and 337 references

processors: Unity.Jobs.CodeGen.JobsILPostProcessor, zzzUnity.Burst.CodeGen.BurstILPostProcessor

running Unity.Jobs.CodeGen.JobsILPostProcessor

running zzzUnity.Burst.CodeGen.BurstILPostProcessor
[879/881    0s] CopyFiles Library/ScriptAssemblies/Assembly-CSharp-Editor.pdb
[880/881    0s] CopyFiles Library/ScriptAssemblies/Assembly-CSharp-Editor.dll
*** Tundra build success (1.92 seconds), 5 items updated, 881 evaluated
AssetDatabase: script compilation time: 2.441835s
Begin MonoManager ReloadAssembly
- Loaded All Assemblies, in  1.104 seconds
Refreshing native plugins compatible for Editor in 5.44 ms, found 4 plugins.
Native extension for WindowsStandalone target not found
Native extension for WebGL target not found
Refreshing native plugins compatible for Editor in 5.39 ms, found 4 plugins.
ScheduleIndexationOnStartup MainProcess:True IndexOnStartup:True
Mono: successfully reloaded assembly
- Finished resetting the current domain, in  3.143 seconds
Domain Reload Profiling: 4242ms
	BeginReloadAssembly (426ms)
		ExecutionOrderSort (0ms)
		DisableScriptedObjects (58ms)
		BackupInstance (0ms)
		ReleaseScriptingObjects (0ms)
		CreateAndSetChildDomain (171ms)
	RebuildCommonClasses (56ms)
	RebuildNativeTypeToScriptingClass (21ms)
	initialDomainReloadingComplete (41ms)
	LoadAllAssembliesAndSetupDomain (555ms)
		LoadAssemblies (490ms)
		RebuildTransferFunctionScriptingTraits (0ms)
		AnalyzeDomain (211ms)
			TypeCache.Refresh (150ms)
				TypeCache.ScanAssembly (141ms)
			BuildScriptInfoCaches (50ms)
			ResolveRequiredComponents (7ms)
	FinalizeReload (3144ms)
		ReleaseScriptCaches (0ms)
		RebuildScriptCaches (0ms)
		SetupLoadedEditorAssemblies (2744ms)
			LogAssemblyErrors (0ms)
			InitializePlatformSupportModulesInManaged (33ms)
			SetLoadedEditorAssemblies (5ms)
			BeforeProcessingInitializeOnLoad (163ms)
			ProcessInitializeOnLoadAttributes (2478ms)
			ProcessInitializeOnLoadMethodAttributes (57ms)
			AfterProcessingInitializeOnLoad (7ms)
			EditorAssembliesLoaded (1ms)
		ExecutionOrderSort2 (0ms)
		AwakeInstancesAfterBackupRestoration (39ms)
Refreshing native plugins compatible for Editor in 6.32 ms, found 4 plugins.
Preloading 0 native plugins for Editor in 0.00 ms.
Asset Pipeline Refresh (id=6800ade2dac76a74dab058413ae177d1): Total: 7.521 seconds - Initiated by InitialRefreshV2(ForceSynchronousImport)
	Summary:
		Imports: total=0 (actual=0, local cache=0, cache server=0)
		Asset DB Process Time: managed=0 ms, native=3616 ms
		Asset DB Callback time: managed=201 ms, native=109 ms
		Scripting: domain reloads=1, domain reload time=1104 ms, compile time=2443 ms, other=45 ms
		Project Asset Count: scripts=1343, non-scripts=2644
		Asset File Changes: new=0, changed=1, moved=0, deleted=0
		Scan Filter Count: 0
	InvokeCustomDependenciesCallbacks: 0.001ms
	InvokePackagesCallback: 99.551ms
	ApplyChangesToAssetFolders: 1.033ms
	Scan: 94.111ms
	OnSourceAssetsModified: 0.746ms
	CategorizeAssetsWithTransientArtifact: 56.664ms
	ProcessAssetsWithTransientArtifactChanges: 69.054ms
	CategorizeAssets: 49.386ms
	ImportOutOfDateAssets: 3161.202ms (716.335ms without children)
		CompileScripts: 2443.169ms
		ReloadNativeAssets: 0.033ms
		UnloadImportedAssets: 0.699ms
		EnsureUptoDateAssetsAreRegisteredWithGuidPM: 0.431ms
		InitializingProgressBar: 0.000ms
		PostProcessAllAssetNotificationsAddChangedAssets: 0.000ms
		OnDemandSchedulerStart: 0.534ms
	PostProcessAllAssets: 202.890ms
	Hotreload: 13.748ms
	GatherAllCurrentPrimaryArtifactRevisions: 0.004ms
	UnloadStreamsBegin: 2.280ms
	PersistCurrentRevisions: 0.151ms
	UnloadStreamsEnd: 0.002ms
	GenerateScriptTypeHashes: 2.157ms
	Untracked: 3769.994ms

Application.AssetDatabase Initial Refresh End
Launched and connected shader compiler UnityShaderCompiler.exe after 0.03 seconds
Scanning for USB devices : 4.674ms
Initializing Unity extensions:
[MODES] ModeService[none].Initialize
[MODES] ModeService[none].LoadModes
[MODES] Loading mode Default (0) for mode-current-id-virtual-my-house
Unloading 19 Unused Serialized files (Serialized files now loaded: 0)
Unloading 6678 unused Assets / (3.8 MB). Loaded Objects now: 7528.
Memory consumption went from 212.1 MB to 208.3 MB.
Total: 10.838300 ms (FindLiveObjects: 1.090000 ms CreateObjectMapping: 0.492100 ms MarkObjects: 6.178500 ms  DeleteObjects: 3.076300 ms)

Opening scene 'Assets/Scenes/HouseRenovated.unity'
Unloading 2 Unused Serialized files (Serialized files now loaded: 0)
Loaded scene 'Assets/Scenes/HouseRenovated.unity'
	Deserialize:            111.257 ms
	Integration:            499.284 ms
	Integration of assets:  0.024 ms
	Thread Wait Time:       0.048 ms
	Total Operation Time:   610.612 ms
Unloading 2 unused Assets / (1.1 KB). Loaded Objects now: 15829.
Memory consumption went from 217.1 MB to 217.1 MB.
Total: 6.893200 ms (FindLiveObjects: 1.112500 ms CreateObjectMapping: 0.212600 ms MarkObjects: 5.546000 ms  DeleteObjects: 0.021700 ms)

Start importing Assets/VirtualHouse/Materials/Outdoor_Black.mat using Guid(4018e25827a56044c823d081aaa1a7c1) (NativeFormatImporter) -> (artifact id: '615db1c982b7b0482cafb85a33de1dc2') in 0.0079149 seconds
Start importing Assets/VirtualHouse/Materials/Outdoor_Brick.mat using Guid(81a9c4180a587ac4ca91cb816dfcc88f) (NativeFormatImporter) -> (artifact id: '8742ab2e28fd262b3ae657d0d06492c3') in 0.004427 seconds
Start importing Assets/VirtualHouse/Materials/Outdoor_Ivory.mat using Guid(34c39d070cc09df49873e19a8f0e7179) (NativeFormatImporter) -> (artifact id: '2a8a594af5130c3a871d84a85af15b75') in 0.0031786 seconds
Start importing Assets/VirtualHouse/Materials/Outdoor_Steel.mat using Guid(644256753cd337749bf205b8e6efbb0e) (NativeFormatImporter) -> (artifact id: 'db7bd6d852724bf432fc2a6f66303365') in 0.0033217 seconds
Start importing Assets/VirtualHouse/Materials/Outdoor_IndicatorAmber.mat using Guid(c4345d90b0b36cc449ff2ce3980cc0b6) (NativeFormatImporter) -> (artifact id: 'a5918ef37de248d12a4fdc04e04ff925') in 0.0036615 seconds
Start importing Assets/VirtualHouse/Materials/Outdoor_HeadlampLens.mat using Guid(f590fee8708e5694daeb47c87240ad1a) (NativeFormatImporter) -> (artifact id: '1f28c9a910f82790f3717674d9285986') in 0.0031966 seconds
Start importing Assets/VirtualHouse/Materials/Outdoor_TailRed.mat using Guid(281b494a18446e645a2b635c557fbeb6) (NativeFormatImporter) -> (artifact id: 'cf2d944b118a54cac141193560086674') in 0.0031564 seconds
Start importing Assets/VirtualHouse/Materials/Outdoor_VehicleGlass.mat using Guid(0a43255be73077c4f8781f8b3a7c5dd5) (NativeFormatImporter) -> (artifact id: 'c7041f6b35c4c9572b8156afa7d0c83b') in 0.0030318 seconds
Start importing Assets/VirtualHouse/Materials/Outdoor_PoolBlue.mat using Guid(3b279e944c7d98c4589a3b8714a0cb18) (NativeFormatImporter) -> (artifact id: '7dcd80588eea17992bf3a25eb0223c20') in 0.0033201 seconds
Start importing Assets/VirtualHouse/Materials/Outdoor_Mortar.mat using Guid(6b62909aa303f4841b9a4e9b6f1aa842) (NativeFormatImporter) -> (artifact id: 'df47057c888d27688e20152cb46017fd') in 0.0030898 seconds
Start importing Assets/VirtualHouse/Materials/Outdoor_Cedar.mat using Guid(db9d66a42ee92ec4da8c8e47726f85ae) (NativeFormatImporter) -> (artifact id: 'c09b85714fa13bd24433eb36b2060076') in 0.0028569 seconds
Start importing Assets/VirtualHouse/Materials/Outdoor_SientaGrey.mat using Guid(6cbd107577ad6684ba5dcaf60cc2ed4d) (NativeFormatImporter) -> (artifact id: '3f1316119f797a9e6158ab85592dfb53') in 0.0026447 seconds
Start importing Assets/VirtualHouse/Materials/Outdoor_TireRubber.mat using Guid(acf03a8ad30aaf54db41da1e4b3de88a) (NativeFormatImporter) -> (artifact id: 'a8f91024133d2b421e0f84c32afac4da') in 0.0032974 seconds
Start importing Assets/VirtualHouse/Materials/OutdoorTilledSoil.mat using Guid(3d79be9db35c0a74ead5eb4e77e7097c) (NativeFormatImporter) -> (artifact id: '45741ccb90f09b88da1ffd225b0ce6d3') in 0.0034587 seconds
Start importing Assets/VirtualHouse/Materials/Outdoor_Water.mat using Guid(bdc0e5ec53f206e4ba2c7b5047416219) (NativeFormatImporter) -> (artifact id: '9de518d2c8adb4e08eac3bede3385015') in 0.0031273 seconds
Start importing Assets/VirtualHouse/Materials/Outdoor_Chrome.mat using Guid(2f74eb2dc988d7b42bd3dfa9fc3a9fcc) (NativeFormatImporter) -> (artifact id: 'b7b3e2400579ef3ce6e35fe22611123e') in 0.0027751 seconds
Start importing Assets/VirtualHouse/GeneratedMeshes/Vehicle_黒のST250風バイク_クロームリム_0.68.asset using Guid(80dad2eef6ac09a42b5f800a9754b2a5) (NativeFormatImporter) -> (artifact id: 'bdb08e72024a3708613f65929a1dae19') in 0.0034879 seconds
Start importing Assets/VirtualHouse/GeneratedMeshes/Vehicle_グレーのシエンタ_概形_タイヤ_-1.34_-1.asset using Guid(c0106f63e10e49c45ba895df3ad5a0c1) (NativeFormatImporter) -> (artifact id: 'ba72a81264321b90492f0f8c6e1796cb') in 0.0039767 seconds
Start importing Assets/VirtualHouse/GeneratedMeshes/Vehicle_黒のST250風バイク_ブレーキディスク_-0.68.asset using Guid(a1ab44eade090034eaaabed52ef212f2) (NativeFormatImporter) -> (artifact id: '9e5570ae58f0985cf4dd8a217ae1d2c9') in 0.0040312 seconds
Start importing Assets/VirtualHouse/GeneratedMeshes/Vehicle_グレーのシエンタ_概形_窓周囲_1.asset using Guid(d11b4fceb53ad4541a4c924460eb74ae) (NativeFormatImporter) -> (artifact id: 'a6f6a459b990bbb0ad6a647481af0cce') in 0.0038698 seconds
Start importing Assets/VirtualHouse/GeneratedMeshes/Vehicle_黒のST250風バイク_フェンダー_0.68.asset using Guid(630a58d3c82e38345aaa76a59daf488d) (NativeFormatImporter) -> (artifact id: 'ab34ce361d3aac21658d59a4c4a9a18c') in 0.0035366 seconds
Start importing Assets/VirtualHouse/GeneratedMeshes/Vehicle_グレーのシエンタ_概形_窓周囲_-1.asset using Guid(73b1c024182063043bd5113fe1232774) (NativeFormatImporter) -> (artifact id: '3dd91aeb382a64044f8de195558195bc') in 0.0030826 seconds
Start importing Assets/VirtualHouse/GeneratedMeshes/Vehicle_グレーのシエンタ_概形_運転席ガラス_-1.asset using Guid(158563a20cfb19d47a0ca4cff3819238) (NativeFormatImporter) -> (artifact id: '9bc2599e7fb09b4452f980e0ebc28bcc') in 0.0035848 seconds
Start importing Assets/VirtualHouse/GeneratedMeshes/Vehicle_グレーのシエンタ_概形_リム_-1.34_1.asset using Guid(37502520b59d88b47981aa22d735857c) (NativeFormatImporter) -> (artifact id: '0212ae8c9570100b6352a835081c9dcf') in 0.0041149 seconds
Start importing Assets/VirtualHouse/GeneratedMeshes/Vehicle_グレーのシエンタ_概形_リム_1.34_1.asset using Guid(3787e2f667055b3489619eae0de2b2df) (NativeFormatImporter) -> (artifact id: 'b9d15711a2329d5d5a04b76c754aa989') in 0.0034142 seconds
Start importing Assets/VirtualHouse/GeneratedMeshes/Vehicle_グレーのシエンタ_概形_ホイールアーチ_-1.34_-1.asset using Guid(67f859e9c4117fa47ba5c141682b497b) (NativeFormatImporter) -> (artifact id: '678f2173d5ba065b65aa0e7c4d28405e') in 0.0033715 seconds
Start importing Assets/VirtualHouse/GeneratedMeshes/Vehicle_グレーのシエンタ_概形_リム_1.34_-1.asset using Guid(77c812cb875342449902f6bb2c51eba9) (NativeFormatImporter) -> (artifact id: 'e47f6b92da3fe100cc7b6534069e6f24') in 0.0053968 seconds
Start importing Assets/VirtualHouse/GeneratedMeshes/Vehicle_グレーのシエンタ_概形_傾斜フロントガラス.asset using Guid(38ad7de3bf79a5b419f9c7a4df0fd8cc) (NativeFormatImporter) -> (artifact id: '2213dc33dbd5bf2b3fca4320ec90b0a8') in 0.0038997 seconds
Start importing Assets/VirtualHouse/GeneratedMeshes/Vehicle_黒のST250風バイク_タイヤ_0.68.asset using Guid(7812956598dba7d45ac8e23f6bfecb56) (NativeFormatImporter) -> (artifact id: '833107a72d3c80d358f8688c891864f9') in 0.0036213 seconds
Start importing Assets/VirtualHouse/GeneratedMeshes/Vehicle_グレーのシエンタ_概形_ホイールアーチ_1.34_1.asset using Guid(09f2bf2e569697145a503df4500b39d1) (NativeFormatImporter) -> (artifact id: '5a92bf83537eda11e2834b07b569b4e4') in 0.0038038 seconds
Start importing Assets/VirtualHouse/GeneratedMeshes/Vehicle_グレーのシエンタ_概形_スライドドアガラス_-1.asset using Guid(49c41b3d52a59634aad6eb3a36ea6eb4) (NativeFormatImporter) -> (artifact id: '2d25f7da43f87af901ecb2e5a147b8bc') in 0.0028345 seconds
Start importing Assets/VirtualHouse/GeneratedMeshes/Vehicle_グレーのシエンタ_概形_ホイールアーチ_1.34_-1.asset using Guid(d91d8a2b66a94bd4a8d3f79617dacaed) (NativeFormatImporter) -> (artifact id: 'ff7a10fa2294d705981d901252b39964') in 0.0035798 seconds
Start importing Assets/VirtualHouse/GeneratedMeshes/Vehicle_グレーのシエンタ_概形_リム_-1.34_-1.asset using Guid(6aaabad90e24cfb4ea366d053eb18559) (NativeFormatImporter) -> (artifact id: 'd5ce5066bb1787f02699f05ea2b2afa8') in 0.0038796 seconds
Start importing Assets/VirtualHouse/GeneratedMeshes/Vehicle_黒のST250風バイク_タイヤ_-0.68.asset using Guid(7b332c0ca6444f0448cc1890cc5f6df5) (NativeFormatImporter) -> (artifact id: 'aa2cfc8e7f7f0eb636e6922a0aa16714') in 0.0038041 seconds
Start importing Assets/VirtualHouse/GeneratedMeshes/Vehicle_グレーのシエンタ_概形_曲面ボディ.asset using Guid(fba56dc8dee5a544e8cb64008d2db652) (NativeFormatImporter) -> (artifact id: '56f0cc3344571fab79a0651952e7e99e') in 0.0033016 seconds
Start importing Assets/VirtualHouse/GeneratedMeshes/Vehicle_黒のST250風バイク_フェンダー_-0.68.asset using Guid(4c25e94d86d0baa4e9f0cb561c4e502f) (NativeFormatImporter) -> (artifact id: 'a3f25455cd251335e7bb631716e6e581') in 0.0037649 seconds
Start importing Assets/VirtualHouse/GeneratedMeshes/Vehicle_グレーのシエンタ_概形_運転席ガラス_1.asset using Guid(cc81b65ede1314c499fdcc9a3d3438d4) (NativeFormatImporter) -> (artifact id: '3925b7353326834346d5373064d1325f') in 0.003216 seconds
Start importing Assets/VirtualHouse/GeneratedMeshes/Vehicle_グレーのシエンタ_概形_タイヤ_1.34_-1.asset using Guid(dcfdf31f3adb7894dba7d684dc40baca) (NativeFormatImporter) -> (artifact id: 'ccdc072d29d62ce48be5a3ebc8fb8c2e') in 0.0034787 seconds
Start importing Assets/VirtualHouse/GeneratedMeshes/Vehicle_黒のST250風バイク_クロームリム_-0.68.asset using Guid(ade2f875453525c4cb03f5031afe0bcf) (NativeFormatImporter) -> (artifact id: '5e9cac85ffd283a97dda62475afbde7e') in 0.0034453 seconds
Start importing Assets/VirtualHouse/GeneratedMeshes/Vehicle_グレーのシエンタ_概形_タイヤ_-1.34_1.asset using Guid(dd333c0ab51e66e44b390e7b0e4fbdb0) (NativeFormatImporter) -> (artifact id: '09ebedf9500ac2f6b89d3ca16bef8146') in 0.003488 seconds
Start importing Assets/VirtualHouse/GeneratedMeshes/Vehicle_グレーのシエンタ_概形_スライドドアガラス_1.asset using Guid(dd9d10e7512ba0f4da6e7555373bffa1) (NativeFormatImporter) -> (artifact id: 'ae71930cba8e11ceb234c57c37a1348b') in 0.0033207 seconds
Start importing Assets/VirtualHouse/GeneratedMeshes/Vehicle_グレーのシエンタ_概形_後席ガラス_-1.asset using Guid(8eb87883936e1e7409a733ef1b902452) (NativeFormatImporter) -> (artifact id: 'e14c81a4c01ea3306f7acc7245f298b8') in 0.0030417 seconds
Start importing Assets/VirtualHouse/GeneratedMeshes/Vehicle_黒のST250風バイク_ブレーキディスク_0.68.asset using Guid(3f07ad18f3506394a878043afcdaf540) (NativeFormatImporter) -> (artifact id: '3c625b4c7171a6b23133206fe851647e') in 0.0031822 seconds
Start importing Assets/VirtualHouse/GeneratedMeshes/Vehicle_グレーのシエンタ_概形_ホイールアーチ_-1.34_1.asset using Guid(5ff2feb88b6de7e4a8d569e1ae07304c) (NativeFormatImporter) -> (artifact id: 'd06b44f8dec8de70338dfd54647ae338') in 0.0031467 seconds
Start importing Assets/VirtualHouse/GeneratedMeshes/Vehicle_グレーのシエンタ_概形_後席ガラス_1.asset using Guid(5f457e62f3067ed4b94cca42ee426c4c) (NativeFormatImporter) -> (artifact id: '2f42d4f785585343848ecfde5d9d928b') in 0.0036556 seconds
Start importing Assets/VirtualHouse/GeneratedMeshes/Vehicle_グレーのシエンタ_概形_タイヤ_1.34_1.asset using Guid(af73431976f18d1438faa86fdc4913f4) (NativeFormatImporter) -> (artifact id: '19cca8326a6edf9ec398a142d20009cb') in 0.004365 seconds
Start importing Assets/VirtualHouse/GeneratedMeshes/Vehicle_グレーのシエンタ_概形_リアガラス.asset using Guid(efd69b9215882eb4196e1cc16a8b16a4) (NativeFormatImporter) -> (artifact id: 'a128d5c9a9d695a224d1bb7ac9bdf8e5') in 0.0033467 seconds
Refreshing native plugins compatible for Editor in 5.00 ms, found 4 plugins.
Preloading 0 native plugins for Editor in 0.00 ms.
Asset Pipeline Refresh (id=de97714aedca688428cf84ce04fb07dd): Total: 0.288 seconds - Initiated by StopAssetImportingV2(NoUpdateAssetOptions)
Start importing Assets/Scenes/HouseRenovated.unity using Guid(35dc82e47f0adb148a17229f7f6845d1) (DefaultImporter) -> (artifact id: '0a62d5a4cb73a0195b31ba25b91f4f8b') in 0.001293 seconds
Refreshing native plugins compatible for Editor in 4.64 ms, found 4 plugins.
Preloading 0 native plugins for Editor in 0.00 ms.
Asset Pipeline Refresh (id=7a15cc49eff6c014c93832cbc95e783b): Total: 0.046 seconds - Initiated by StopAssetImportingV2(NoUpdateAssetOptions)
OUTDOOR VALIDATION PASSED: Assets/Scenes/HouseRenovated.unity; counts, lot bounds, entrance / parking approach, north exit, BBQ aisle and south garden walk.
UnityEngine.Debug:ExtractStackTraceNoAlloc (byte*,int,string)
UnityEngine.StackTraceUtility:ExtractStackTrace ()
UnityEngine.DebugLogHandler:Internal_Log (UnityEngine.LogType,UnityEngine.LogOption,string,UnityEngine.Object)
UnityEngine.DebugLogHandler:LogFormat (UnityEngine.LogType,UnityEngine.Object,string,object[])
UnityEngine.Logger:Log (UnityEngine.LogType,object)
UnityEngine.Debug:Log (object)
VirtualHouse.Editor.HouseBlockoutGenerator:UpdateAndValidateOutdoorLayout () (at Assets/VirtualHouse/Editor/HouseOutdoorLayout.cs:195)

(Filename: Assets/VirtualHouse/Editor/HouseOutdoorLayout.cs Line: 195)

Opening scene 'Assets/Scenes/HouseRenovatedAlternative.unity'
Unloading 24 Unused Serialized files (Serialized files now loaded: 0)
Loaded scene 'Assets/Scenes/HouseRenovatedAlternative.unity'
	Deserialize:            66.978 ms
	Integration:            237.103 ms
	Integration of assets:  0.011 ms
	Thread Wait Time:       0.015 ms
	Total Operation Time:   304.107 ms
Unloading 192 unused Assets / (38.0 KB). Loaded Objects now: 15852.
Memory consumption went from 216.9 MB to 216.9 MB.
Total: 11.397500 ms (FindLiveObjects: 1.592700 ms CreateObjectMapping: 0.244900 ms MarkObjects: 9.334900 ms  DeleteObjects: 0.223700 ms)

Start importing Assets/VirtualHouse/Materials/Outdoor_Black.mat using Guid(4018e25827a56044c823d081aaa1a7c1) (NativeFormatImporter) -> (artifact id: '615db1c982b7b0482cafb85a33de1dc2') in 0.0072559 seconds
Start importing Assets/VirtualHouse/Materials/Outdoor_Brick.mat using Guid(81a9c4180a587ac4ca91cb816dfcc88f) (NativeFormatImporter) -> (artifact id: '8742ab2e28fd262b3ae657d0d06492c3') in 0.0034798 seconds
Start importing Assets/VirtualHouse/Materials/Outdoor_Ivory.mat using Guid(34c39d070cc09df49873e19a8f0e7179) (NativeFormatImporter) -> (artifact id: '2a8a594af5130c3a871d84a85af15b75') in 0.0035497 seconds
Start importing Assets/VirtualHouse/Materials/Outdoor_Steel.mat using Guid(644256753cd337749bf205b8e6efbb0e) (NativeFormatImporter) -> (artifact id: 'db7bd6d852724bf432fc2a6f66303365') in 0.0032021 seconds
Start importing Assets/VirtualHouse/Materials/Outdoor_IndicatorAmber.mat using Guid(c4345d90b0b36cc449ff2ce3980cc0b6) (NativeFormatImporter) -> (artifact id: 'a5918ef37de248d12a4fdc04e04ff925') in 0.0031679 seconds
Start importing Assets/VirtualHouse/Materials/Outdoor_HeadlampLens.mat using Guid(f590fee8708e5694daeb47c87240ad1a) (NativeFormatImporter) -> (artifact id: '1f28c9a910f82790f3717674d9285986') in 0.0032546 seconds
Start importing Assets/VirtualHouse/Materials/Outdoor_TailRed.mat using Guid(281b494a18446e645a2b635c557fbeb6) (NativeFormatImporter) -> (artifact id: 'cf2d944b118a54cac141193560086674') in 0.0032189 seconds
Start importing Assets/VirtualHouse/Materials/Outdoor_VehicleGlass.mat using Guid(0a43255be73077c4f8781f8b3a7c5dd5) (NativeFormatImporter) -> (artifact id: 'c7041f6b35c4c9572b8156afa7d0c83b') in 0.0028307 seconds
Start importing Assets/VirtualHouse/Materials/Outdoor_PoolBlue.mat using Guid(3b279e944c7d98c4589a3b8714a0cb18) (NativeFormatImporter) -> (artifact id: '7dcd80588eea17992bf3a25eb0223c20') in 0.0034035 seconds
Start importing Assets/VirtualHouse/Materials/Outdoor_Mortar.mat using Guid(6b62909aa303f4841b9a4e9b6f1aa842) (NativeFormatImporter) -> (artifact id: 'df47057c888d27688e20152cb46017fd') in 0.0040727 seconds
Start importing Assets/VirtualHouse/Materials/Outdoor_Cedar.mat using Guid(db9d66a42ee92ec4da8c8e47726f85ae) (NativeFormatImporter) -> (artifact id: 'c09b85714fa13bd24433eb36b2060076') in 0.0043383 seconds
Start importing Assets/VirtualHouse/Materials/Outdoor_SientaGrey.mat using Guid(6cbd107577ad6684ba5dcaf60cc2ed4d) (NativeFormatImporter) -> (artifact id: '3f1316119f797a9e6158ab85592dfb53') in 0.0032097 seconds
Start importing Assets/VirtualHouse/Materials/Outdoor_TireRubber.mat using Guid(acf03a8ad30aaf54db41da1e4b3de88a) (NativeFormatImporter) -> (artifact id: 'a8f91024133d2b421e0f84c32afac4da') in 0.0028532 seconds
Start importing Assets/VirtualHouse/Materials/OutdoorTilledSoil.mat using Guid(3d79be9db35c0a74ead5eb4e77e7097c) (NativeFormatImporter) -> (artifact id: '45741ccb90f09b88da1ffd225b0ce6d3') in 0.0031968 seconds
Start importing Assets/VirtualHouse/Materials/Outdoor_Water.mat using Guid(bdc0e5ec53f206e4ba2c7b5047416219) (NativeFormatImporter) -> (artifact id: '9de518d2c8adb4e08eac3bede3385015') in 0.0029365 seconds
Start importing Assets/VirtualHouse/Materials/Outdoor_Chrome.mat using Guid(2f74eb2dc988d7b42bd3dfa9fc3a9fcc) (NativeFormatImporter) -> (artifact id: 'b7b3e2400579ef3ce6e35fe22611123e') in 0.0031164 seconds
Start importing Assets/VirtualHouse/GeneratedMeshes/Vehicle_黒のST250風バイク_クロームリム_0.68.asset using Guid(80dad2eef6ac09a42b5f800a9754b2a5) (NativeFormatImporter) -> (artifact id: 'bdb08e72024a3708613f65929a1dae19') in 0.0033045 seconds
Start importing Assets/VirtualHouse/GeneratedMeshes/Vehicle_グレーのシエンタ_概形_タイヤ_-1.34_-1.asset using Guid(c0106f63e10e49c45ba895df3ad5a0c1) (NativeFormatImporter) -> (artifact id: 'ba72a81264321b90492f0f8c6e1796cb') in 0.0031186 seconds
Start importing Assets/VirtualHouse/GeneratedMeshes/Vehicle_黒のST250風バイク_ブレーキディスク_-0.68.asset using Guid(a1ab44eade090034eaaabed52ef212f2) (NativeFormatImporter) -> (artifact id: '9e5570ae58f0985cf4dd8a217ae1d2c9') in 0.0031071 seconds
Start importing Assets/VirtualHouse/GeneratedMeshes/Vehicle_グレーのシエンタ_概形_窓周囲_1.asset using Guid(d11b4fceb53ad4541a4c924460eb74ae) (NativeFormatImporter) -> (artifact id: 'a6f6a459b990bbb0ad6a647481af0cce') in 0.0034001 seconds
Start importing Assets/VirtualHouse/GeneratedMeshes/Vehicle_黒のST250風バイク_フェンダー_0.68.asset using Guid(630a58d3c82e38345aaa76a59daf488d) (NativeFormatImporter) -> (artifact id: 'ab34ce361d3aac21658d59a4c4a9a18c') in 0.0034771 seconds
Start importing Assets/VirtualHouse/GeneratedMeshes/Vehicle_グレーのシエンタ_概形_窓周囲_-1.asset using Guid(73b1c024182063043bd5113fe1232774) (NativeFormatImporter) -> (artifact id: '3dd91aeb382a64044f8de195558195bc') in 0.0030824 seconds
Start importing Assets/VirtualHouse/GeneratedMeshes/Vehicle_グレーのシエンタ_概形_運転席ガラス_-1.asset using Guid(158563a20cfb19d47a0ca4cff3819238) (NativeFormatImporter) -> (artifact id: '9bc2599e7fb09b4452f980e0ebc28bcc') in 0.0033457 seconds
Start importing Assets/VirtualHouse/GeneratedMeshes/Vehicle_グレーのシエンタ_概形_リム_-1.34_1.asset using Guid(37502520b59d88b47981aa22d735857c) (NativeFormatImporter) -> (artifact id: '0212ae8c9570100b6352a835081c9dcf') in 0.0052619 seconds
Start importing Assets/VirtualHouse/GeneratedMeshes/Vehicle_グレーのシエンタ_概形_リム_1.34_1.asset using Guid(3787e2f667055b3489619eae0de2b2df) (NativeFormatImporter) -> (artifact id: 'b9d15711a2329d5d5a04b76c754aa989') in 0.0036975 seconds
Start importing Assets/VirtualHouse/GeneratedMeshes/Vehicle_グレーのシエンタ_概形_ホイールアーチ_-1.34_-1.asset using Guid(67f859e9c4117fa47ba5c141682b497b) (NativeFormatImporter) -> (artifact id: '678f2173d5ba065b65aa0e7c4d28405e') in 0.0044414 seconds
Start importing Assets/VirtualHouse/GeneratedMeshes/Vehicle_グレーのシエンタ_概形_リム_1.34_-1.asset using Guid(77c812cb875342449902f6bb2c51eba9) (NativeFormatImporter) -> (artifact id: 'e47f6b92da3fe100cc7b6534069e6f24') in 0.0037892 seconds
Start importing Assets/VirtualHouse/GeneratedMeshes/Vehicle_グレーのシエンタ_概形_傾斜フロントガラス.asset using Guid(38ad7de3bf79a5b419f9c7a4df0fd8cc) (NativeFormatImporter) -> (artifact id: '2213dc33dbd5bf2b3fca4320ec90b0a8') in 0.0034515 seconds
Start importing Assets/VirtualHouse/GeneratedMeshes/Vehicle_黒のST250風バイク_タイヤ_0.68.asset using Guid(7812956598dba7d45ac8e23f6bfecb56) (NativeFormatImporter) -> (artifact id: '833107a72d3c80d358f8688c891864f9') in 0.0040718 seconds
Start importing Assets/VirtualHouse/GeneratedMeshes/Vehicle_グレーのシエンタ_概形_ホイールアーチ_1.34_1.asset using Guid(09f2bf2e569697145a503df4500b39d1) (NativeFormatImporter) -> (artifact id: '5a92bf83537eda11e2834b07b569b4e4') in 0.0041913 seconds
Start importing Assets/VirtualHouse/GeneratedMeshes/Vehicle_グレーのシエンタ_概形_スライドドアガラス_-1.asset using Guid(49c41b3d52a59634aad6eb3a36ea6eb4) (NativeFormatImporter) -> (artifact id: '2d25f7da43f87af901ecb2e5a147b8bc') in 0.0037564 seconds
Start importing Assets/VirtualHouse/GeneratedMeshes/Vehicle_グレーのシエンタ_概形_ホイールアーチ_1.34_-1.asset using Guid(d91d8a2b66a94bd4a8d3f79617dacaed) (NativeFormatImporter) -> (artifact id: 'ff7a10fa2294d705981d901252b39964') in 0.0035719 seconds
Start importing Assets/VirtualHouse/GeneratedMeshes/Vehicle_グレーのシエンタ_概形_リム_-1.34_-1.asset using Guid(6aaabad90e24cfb4ea366d053eb18559) (NativeFormatImporter) -> (artifact id: 'd5ce5066bb1787f02699f05ea2b2afa8') in 0.0032235 seconds
Start importing Assets/VirtualHouse/GeneratedMeshes/Vehicle_黒のST250風バイク_タイヤ_-0.68.asset using Guid(7b332c0ca6444f0448cc1890cc5f6df5) (NativeFormatImporter) -> (artifact id: 'aa2cfc8e7f7f0eb636e6922a0aa16714') in 0.0041793 seconds
Start importing Assets/VirtualHouse/GeneratedMeshes/Vehicle_グレーのシエンタ_概形_曲面ボディ.asset using Guid(fba56dc8dee5a544e8cb64008d2db652) (NativeFormatImporter) -> (artifact id: '56f0cc3344571fab79a0651952e7e99e') in 0.0035841 seconds
Start importing Assets/VirtualHouse/GeneratedMeshes/Vehicle_黒のST250風バイク_フェンダー_-0.68.asset using Guid(4c25e94d86d0baa4e9f0cb561c4e502f) (NativeFormatImporter) -> (artifact id: 'a3f25455cd251335e7bb631716e6e581') in 0.0039413 seconds
Start importing Assets/VirtualHouse/GeneratedMeshes/Vehicle_グレーのシエンタ_概形_運転席ガラス_1.asset using Guid(cc81b65ede1314c499fdcc9a3d3438d4) (NativeFormatImporter) -> (artifact id: '3925b7353326834346d5373064d1325f') in 0.0035911 seconds
Start importing Assets/VirtualHouse/GeneratedMeshes/Vehicle_グレーのシエンタ_概形_タイヤ_1.34_-1.asset using Guid(dcfdf31f3adb7894dba7d684dc40baca) (NativeFormatImporter) -> (artifact id: 'ccdc072d29d62ce48be5a3ebc8fb8c2e') in 0.0041272 seconds
Start importing Assets/VirtualHouse/GeneratedMeshes/Vehicle_黒のST250風バイク_クロームリム_-0.68.asset using Guid(ade2f875453525c4cb03f5031afe0bcf) (NativeFormatImporter) -> (artifact id: '5e9cac85ffd283a97dda62475afbde7e') in 0.0037925 seconds
Start importing Assets/VirtualHouse/GeneratedMeshes/Vehicle_グレーのシエンタ_概形_タイヤ_-1.34_1.asset using Guid(dd333c0ab51e66e44b390e7b0e4fbdb0) (NativeFormatImporter) -> (artifact id: '09ebedf9500ac2f6b89d3ca16bef8146') in 0.0037469 seconds
Start importing Assets/VirtualHouse/GeneratedMeshes/Vehicle_グレーのシエンタ_概形_スライドドアガラス_1.asset using Guid(dd9d10e7512ba0f4da6e7555373bffa1) (NativeFormatImporter) -> (artifact id: 'ae71930cba8e11ceb234c57c37a1348b') in 0.0034767 seconds
Start importing Assets/VirtualHouse/GeneratedMeshes/Vehicle_グレーのシエンタ_概形_後席ガラス_-1.asset using Guid(8eb87883936e1e7409a733ef1b902452) (NativeFormatImporter) -> (artifact id: 'e14c81a4c01ea3306f7acc7245f298b8') in 0.0040401 seconds
Start importing Assets/VirtualHouse/GeneratedMeshes/Vehicle_黒のST250風バイク_ブレーキディスク_0.68.asset using Guid(3f07ad18f3506394a878043afcdaf540) (NativeFormatImporter) -> (artifact id: '3c625b4c7171a6b23133206fe851647e') in 0.0037584 seconds
Start importing Assets/VirtualHouse/GeneratedMeshes/Vehicle_グレーのシエンタ_概形_ホイールアーチ_-1.34_1.asset using Guid(5ff2feb88b6de7e4a8d569e1ae07304c) (NativeFormatImporter) -> (artifact id: 'd06b44f8dec8de70338dfd54647ae338') in 0.0034362 seconds
Start importing Assets/VirtualHouse/GeneratedMeshes/Vehicle_グレーのシエンタ_概形_後席ガラス_1.asset using Guid(5f457e62f3067ed4b94cca42ee426c4c) (NativeFormatImporter) -> (artifact id: '2f42d4f785585343848ecfde5d9d928b') in 0.0030261 seconds
Start importing Assets/VirtualHouse/GeneratedMeshes/Vehicle_グレーのシエンタ_概形_タイヤ_1.34_1.asset using Guid(af73431976f18d1438faa86fdc4913f4) (NativeFormatImporter) -> (artifact id: '19cca8326a6edf9ec398a142d20009cb') in 0.0043787 seconds
Start importing Assets/VirtualHouse/GeneratedMeshes/Vehicle_グレーのシエンタ_概形_リアガラス.asset using Guid(efd69b9215882eb4196e1cc16a8b16a4) (NativeFormatImporter) -> (artifact id: 'a128d5c9a9d695a224d1bb7ac9bdf8e5') in 0.0042462 seconds
Refreshing native plugins compatible for Editor in 5.23 ms, found 4 plugins.
Preloading 0 native plugins for Editor in 0.00 ms.
Asset Pipeline Refresh (id=5c6e08612bb7698488ae3596877e982f): Total: 0.261 seconds - Initiated by StopAssetImportingV2(NoUpdateAssetOptions)
Start importing Assets/Scenes/HouseRenovatedAlternative.unity using Guid(f5b6c3a5188415c40a263eb92862cab4) (DefaultImporter) -> (artifact id: '019f03b680b959d0f49774e0b5915d95') in 0.001495 seconds
Refreshing native plugins compatible for Editor in 5.34 ms, found 4 plugins.
Preloading 0 native plugins for Editor in 0.00 ms.
Asset Pipeline Refresh (id=581b52a2092c29a438393b08cdb8dfa6): Total: 0.049 seconds - Initiated by StopAssetImportingV2(NoUpdateAssetOptions)
OUTDOOR VALIDATION PASSED: Assets/Scenes/HouseRenovatedAlternative.unity; counts, lot bounds, entrance / parking approach, north exit, BBQ aisle and south garden walk.
UnityEngine.Debug:ExtractStackTraceNoAlloc (byte*,int,string)
UnityEngine.StackTraceUtility:ExtractStackTrace ()
UnityEngine.DebugLogHandler:Internal_Log (UnityEngine.LogType,UnityEngine.LogOption,string,UnityEngine.Object)
UnityEngine.DebugLogHandler:LogFormat (UnityEngine.LogType,UnityEngine.Object,string,object[])
UnityEngine.Logger:Log (UnityEngine.LogType,object)
UnityEngine.Debug:Log (object)
VirtualHouse.Editor.HouseBlockoutGenerator:UpdateAndValidateOutdoorLayout () (at Assets/VirtualHouse/Editor/HouseOutdoorLayout.cs:195)

(Filename: Assets/VirtualHouse/Editor/HouseOutdoorLayout.cs Line: 195)

Opening scene 'Assets/Scenes/HouseRenovatedPlanC.unity'
Unloading 22 Unused Serialized files (Serialized files now loaded: 0)
Loaded scene 'Assets/Scenes/HouseRenovatedPlanC.unity'
	Deserialize:            123.122 ms
	Integration:            305.509 ms
	Integration of assets:  0.034 ms
	Thread Wait Time:       0.013 ms
	Total Operation Time:   428.677 ms
Unloading 192 unused Assets / (38.0 KB). Loaded Objects now: 15845.
Memory consumption went from 218.9 MB to 218.9 MB.
Total: 7.582400 ms (FindLiveObjects: 0.933100 ms CreateObjectMapping: 0.249000 ms MarkObjects: 6.149000 ms  DeleteObjects: 0.250400 ms)

Start importing Assets/VirtualHouse/Materials/Outdoor_Black.mat using Guid(4018e25827a56044c823d081aaa1a7c1) (NativeFormatImporter) -> (artifact id: '615db1c982b7b0482cafb85a33de1dc2') in 0.005889 seconds
Start importing Assets/VirtualHouse/Materials/Outdoor_Brick.mat using Guid(81a9c4180a587ac4ca91cb816dfcc88f) (NativeFormatImporter) -> (artifact id: '8742ab2e28fd262b3ae657d0d06492c3') in 0.0036977 seconds
Start importing Assets/VirtualHouse/Materials/Outdoor_Ivory.mat using Guid(34c39d070cc09df49873e19a8f0e7179) (NativeFormatImporter) -> (artifact id: '2a8a594af5130c3a871d84a85af15b75') in 0.0036115 seconds
Start importing Assets/VirtualHouse/Materials/Outdoor_Steel.mat using Guid(644256753cd337749bf205b8e6efbb0e) (NativeFormatImporter) -> (artifact id: 'db7bd6d852724bf432fc2a6f66303365') in 0.003399 seconds
Start importing Assets/VirtualHouse/Materials/Outdoor_IndicatorAmber.mat using Guid(c4345d90b0b36cc449ff2ce3980cc0b6) (NativeFormatImporter) -> (artifact id: 'a5918ef37de248d12a4fdc04e04ff925') in 0.0035412 seconds
Start importing Assets/VirtualHouse/Materials/Outdoor_HeadlampLens.mat using Guid(f590fee8708e5694daeb47c87240ad1a) (NativeFormatImporter) -> (artifact id: '1f28c9a910f82790f3717674d9285986') in 0.0027321 seconds
Start importing Assets/VirtualHouse/Materials/Outdoor_TailRed.mat using Guid(281b494a18446e645a2b635c557fbeb6) (NativeFormatImporter) -> (artifact id: 'cf2d944b118a54cac141193560086674') in 0.0033086 seconds
Start importing Assets/VirtualHouse/Materials/Outdoor_VehicleGlass.mat using Guid(0a43255be73077c4f8781f8b3a7c5dd5) (NativeFormatImporter) -> (artifact id: 'c7041f6b35c4c9572b8156afa7d0c83b') in 0.003172 seconds
Start importing Assets/VirtualHouse/Materials/Outdoor_PoolBlue.mat using Guid(3b279e944c7d98c4589a3b8714a0cb18) (NativeFormatImporter) -> (artifact id: '7dcd80588eea17992bf3a25eb0223c20') in 0.0029748 seconds
Start importing Assets/VirtualHouse/Materials/Outdoor_Mortar.mat using Guid(6b62909aa303f4841b9a4e9b6f1aa842) (NativeFormatImporter) -> (artifact id: 'df47057c888d27688e20152cb46017fd') in 0.0031742 seconds
Start importing Assets/VirtualHouse/Materials/Outdoor_Cedar.mat using Guid(db9d66a42ee92ec4da8c8e47726f85ae) (NativeFormatImporter) -> (artifact id: 'c09b85714fa13bd24433eb36b2060076') in 0.0032633 seconds
Start importing Assets/VirtualHouse/Materials/Outdoor_SientaGrey.mat using Guid(6cbd107577ad6684ba5dcaf60cc2ed4d) (NativeFormatImporter) -> (artifact id: '3f1316119f797a9e6158ab85592dfb53') in 0.0032688 seconds
Start importing Assets/VirtualHouse/Materials/Outdoor_TireRubber.mat using Guid(acf03a8ad30aaf54db41da1e4b3de88a) (NativeFormatImporter) -> (artifact id: 'a8f91024133d2b421e0f84c32afac4da') in 0.0034517 seconds
Start importing Assets/VirtualHouse/Materials/OutdoorTilledSoil.mat using Guid(3d79be9db35c0a74ead5eb4e77e7097c) (NativeFormatImporter) -> (artifact id: '45741ccb90f09b88da1ffd225b0ce6d3') in 0.0034675 seconds
Start importing Assets/VirtualHouse/Materials/Outdoor_Water.mat using Guid(bdc0e5ec53f206e4ba2c7b5047416219) (NativeFormatImporter) -> (artifact id: '9de518d2c8adb4e08eac3bede3385015') in 0.0039368 seconds
Start importing Assets/VirtualHouse/Materials/Outdoor_Chrome.mat using Guid(2f74eb2dc988d7b42bd3dfa9fc3a9fcc) (NativeFormatImporter) -> (artifact id: 'b7b3e2400579ef3ce6e35fe22611123e') in 0.0041963 seconds
Start importing Assets/VirtualHouse/GeneratedMeshes/Vehicle_黒のST250風バイク_クロームリム_0.68.asset using Guid(80dad2eef6ac09a42b5f800a9754b2a5) (NativeFormatImporter) -> (artifact id: 'bdb08e72024a3708613f65929a1dae19') in 0.0035588 seconds
Start importing Assets/VirtualHouse/GeneratedMeshes/Vehicle_グレーのシエンタ_概形_タイヤ_-1.34_-1.asset using Guid(c0106f63e10e49c45ba895df3ad5a0c1) (NativeFormatImporter) -> (artifact id: 'ba72a81264321b90492f0f8c6e1796cb') in 0.0033 seconds
Start importing Assets/VirtualHouse/GeneratedMeshes/Vehicle_黒のST250風バイク_ブレーキディスク_-0.68.asset using Guid(a1ab44eade090034eaaabed52ef212f2) (NativeFormatImporter) -> (artifact id: '9e5570ae58f0985cf4dd8a217ae1d2c9') in 0.0035428 seconds
Start importing Assets/VirtualHouse/GeneratedMeshes/Vehicle_グレーのシエンタ_概形_窓周囲_1.asset using Guid(d11b4fceb53ad4541a4c924460eb74ae) (NativeFormatImporter) -> (artifact id: 'a6f6a459b990bbb0ad6a647481af0cce') in 0.0029268 seconds
Start importing Assets/VirtualHouse/GeneratedMeshes/Vehicle_黒のST250風バイク_フェンダー_0.68.asset using Guid(630a58d3c82e38345aaa76a59daf488d) (NativeFormatImporter) -> (artifact id: 'ab34ce361d3aac21658d59a4c4a9a18c') in 0.0032604 seconds
Start importing Assets/VirtualHouse/GeneratedMeshes/Vehicle_グレーのシエンタ_概形_窓周囲_-1.asset using Guid(73b1c024182063043bd5113fe1232774) (NativeFormatImporter) -> (artifact id: '3dd91aeb382a64044f8de195558195bc') in 0.0035975 seconds
Start importing Assets/VirtualHouse/GeneratedMeshes/Vehicle_グレーのシエンタ_概形_運転席ガラス_-1.asset using Guid(158563a20cfb19d47a0ca4cff3819238) (NativeFormatImporter) -> (artifact id: '9bc2599e7fb09b4452f980e0ebc28bcc') in 0.0034962 seconds
Start importing Assets/VirtualHouse/GeneratedMeshes/Vehicle_グレーのシエンタ_概形_リム_-1.34_1.asset using Guid(37502520b59d88b47981aa22d735857c) (NativeFormatImporter) -> (artifact id: '0212ae8c9570100b6352a835081c9dcf') in 0.0040609 seconds
Start importing Assets/VirtualHouse/GeneratedMeshes/Vehicle_グレーのシエンタ_概形_リム_1.34_1.asset using Guid(3787e2f667055b3489619eae0de2b2df) (NativeFormatImporter) -> (artifact id: 'b9d15711a2329d5d5a04b76c754aa989') in 0.0039729 seconds
Start importing Assets/VirtualHouse/GeneratedMeshes/Vehicle_グレーのシエンタ_概形_ホイールアーチ_-1.34_-1.asset using Guid(67f859e9c4117fa47ba5c141682b497b) (NativeFormatImporter) -> (artifact id: '678f2173d5ba065b65aa0e7c4d28405e') in 0.0034471 seconds
Start importing Assets/VirtualHouse/GeneratedMeshes/Vehicle_グレーのシエンタ_概形_リム_1.34_-1.asset using Guid(77c812cb875342449902f6bb2c51eba9) (NativeFormatImporter) -> (artifact id: 'e47f6b92da3fe100cc7b6534069e6f24') in 0.003588 seconds
Start importing Assets/VirtualHouse/GeneratedMeshes/Vehicle_グレーのシエンタ_概形_傾斜フロントガラス.asset using Guid(38ad7de3bf79a5b419f9c7a4df0fd8cc) (NativeFormatImporter) -> (artifact id: '2213dc33dbd5bf2b3fca4320ec90b0a8') in 0.0033003 seconds
Start importing Assets/VirtualHouse/GeneratedMeshes/Vehicle_黒のST250風バイク_タイヤ_0.68.asset using Guid(7812956598dba7d45ac8e23f6bfecb56) (NativeFormatImporter) -> (artifact id: '833107a72d3c80d358f8688c891864f9') in 0.0033758 seconds
Start importing Assets/VirtualHouse/GeneratedMeshes/Vehicle_グレーのシエンタ_概形_ホイールアーチ_1.34_1.asset using Guid(09f2bf2e569697145a503df4500b39d1) (NativeFormatImporter) -> (artifact id: '5a92bf83537eda11e2834b07b569b4e4') in 0.0031829 seconds
Start importing Assets/VirtualHouse/GeneratedMeshes/Vehicle_グレーのシエンタ_概形_スライドドアガラス_-1.asset using Guid(49c41b3d52a59634aad6eb3a36ea6eb4) (NativeFormatImporter) -> (artifact id: '2d25f7da43f87af901ecb2e5a147b8bc') in 0.0032288 seconds
Start importing Assets/VirtualHouse/GeneratedMeshes/Vehicle_グレーのシエンタ_概形_ホイールアーチ_1.34_-1.asset using Guid(d91d8a2b66a94bd4a8d3f79617dacaed) (NativeFormatImporter) -> (artifact id: 'ff7a10fa2294d705981d901252b39964') in 0.0053432 seconds
Start importing Assets/VirtualHouse/GeneratedMeshes/Vehicle_グレーのシエンタ_概形_リム_-1.34_-1.asset using Guid(6aaabad90e24cfb4ea366d053eb18559) (NativeFormatImporter) -> (artifact id: 'd5ce5066bb1787f02699f05ea2b2afa8') in 0.0034314 seconds
Start importing Assets/VirtualHouse/GeneratedMeshes/Vehicle_黒のST250風バイク_タイヤ_-0.68.asset using Guid(7b332c0ca6444f0448cc1890cc5f6df5) (NativeFormatImporter) -> (artifact id: 'aa2cfc8e7f7f0eb636e6922a0aa16714') in 0.0036546 seconds
Start importing Assets/VirtualHouse/GeneratedMeshes/Vehicle_グレーのシエンタ_概形_曲面ボディ.asset using Guid(fba56dc8dee5a544e8cb64008d2db652) (NativeFormatImporter) -> (artifact id: '56f0cc3344571fab79a0651952e7e99e') in 0.0033029 seconds
Start importing Assets/VirtualHouse/GeneratedMeshes/Vehicle_黒のST250風バイク_フェンダー_-0.68.asset using Guid(4c25e94d86d0baa4e9f0cb561c4e502f) (NativeFormatImporter) -> (artifact id: 'a3f25455cd251335e7bb631716e6e581') in 0.0033664 seconds
Start importing Assets/VirtualHouse/GeneratedMeshes/Vehicle_グレーのシエンタ_概形_運転席ガラス_1.asset using Guid(cc81b65ede1314c499fdcc9a3d3438d4) (NativeFormatImporter) -> (artifact id: '3925b7353326834346d5373064d1325f') in 0.0028306 seconds
Start importing Assets/VirtualHouse/GeneratedMeshes/Vehicle_グレーのシエンタ_概形_タイヤ_1.34_-1.asset using Guid(dcfdf31f3adb7894dba7d684dc40baca) (NativeFormatImporter) -> (artifact id: 'ccdc072d29d62ce48be5a3ebc8fb8c2e') in 0.0031649 seconds
Start importing Assets/VirtualHouse/GeneratedMeshes/Vehicle_黒のST250風バイク_クロームリム_-0.68.asset using Guid(ade2f875453525c4cb03f5031afe0bcf) (NativeFormatImporter) -> (artifact id: '5e9cac85ffd283a97dda62475afbde7e') in 0.0036816 seconds
Start importing Assets/VirtualHouse/GeneratedMeshes/Vehicle_グレーのシエンタ_概形_タイヤ_-1.34_1.asset using Guid(dd333c0ab51e66e44b390e7b0e4fbdb0) (NativeFormatImporter) -> (artifact id: '09ebedf9500ac2f6b89d3ca16bef8146') in 0.0032647 seconds
Start importing Assets/VirtualHouse/GeneratedMeshes/Vehicle_グレーのシエンタ_概形_スライドドアガラス_1.asset using Guid(dd9d10e7512ba0f4da6e7555373bffa1) (NativeFormatImporter) -> (artifact id: 'ae71930cba8e11ceb234c57c37a1348b') in 0.0031115 seconds
Start importing Assets/VirtualHouse/GeneratedMeshes/Vehicle_グレーのシエンタ_概形_後席ガラス_-1.asset using Guid(8eb87883936e1e7409a733ef1b902452) (NativeFormatImporter) -> (artifact id: 'e14c81a4c01ea3306f7acc7245f298b8') in 0.0031504 seconds
Start importing Assets/VirtualHouse/GeneratedMeshes/Vehicle_黒のST250風バイク_ブレーキディスク_0.68.asset using Guid(3f07ad18f3506394a878043afcdaf540) (NativeFormatImporter) -> (artifact id: '3c625b4c7171a6b23133206fe851647e') in 0.0037205 seconds
Start importing Assets/VirtualHouse/GeneratedMeshes/Vehicle_グレーのシエンタ_概形_ホイールアーチ_-1.34_1.asset using Guid(5ff2feb88b6de7e4a8d569e1ae07304c) (NativeFormatImporter) -> (artifact id: 'd06b44f8dec8de70338dfd54647ae338') in 0.0035973 seconds
Start importing Assets/VirtualHouse/GeneratedMeshes/Vehicle_グレーのシエンタ_概形_後席ガラス_1.asset using Guid(5f457e62f3067ed4b94cca42ee426c4c) (NativeFormatImporter) -> (artifact id: '2f42d4f785585343848ecfde5d9d928b') in 0.0032537 seconds
Start importing Assets/VirtualHouse/GeneratedMeshes/Vehicle_グレーのシエンタ_概形_タイヤ_1.34_1.asset using Guid(af73431976f18d1438faa86fdc4913f4) (NativeFormatImporter) -> (artifact id: '19cca8326a6edf9ec398a142d20009cb') in 0.0037894 seconds
Start importing Assets/VirtualHouse/GeneratedMeshes/Vehicle_グレーのシエンタ_概形_リアガラス.asset using Guid(efd69b9215882eb4196e1cc16a8b16a4) (NativeFormatImporter) -> (artifact id: 'a128d5c9a9d695a224d1bb7ac9bdf8e5') in 0.0036951 seconds
Refreshing native plugins compatible for Editor in 5.36 ms, found 4 plugins.
Preloading 0 native plugins for Editor in 0.00 ms.
Asset Pipeline Refresh (id=2fb47e5ebcc26ff408ec285eca2509ac): Total: 0.254 seconds - Initiated by StopAssetImportingV2(NoUpdateAssetOptions)
Start importing Assets/Scenes/HouseRenovatedPlanC.unity using Guid(1c846c7be7afa404893cbbabb23a25bf) (DefaultImporter) -> (artifact id: '568925ba03e32cc68c3a404f0a365462') in 0.0014186 seconds
Refreshing native plugins compatible for Editor in 4.05 ms, found 4 plugins.
Preloading 0 native plugins for Editor in 0.00 ms.
Asset Pipeline Refresh (id=b3f5791a4d159eb4bbef6d203e54b23a): Total: 0.045 seconds - Initiated by StopAssetImportingV2(NoUpdateAssetOptions)
OUTDOOR VALIDATION PASSED: Assets/Scenes/HouseRenovatedPlanC.unity; counts, lot bounds, entrance / parking approach, north exit, BBQ aisle and south garden walk.
UnityEngine.Debug:ExtractStackTraceNoAlloc (byte*,int,string)
UnityEngine.StackTraceUtility:ExtractStackTrace ()
UnityEngine.DebugLogHandler:Internal_Log (UnityEngine.LogType,UnityEngine.LogOption,string,UnityEngine.Object)
UnityEngine.DebugLogHandler:LogFormat (UnityEngine.LogType,UnityEngine.Object,string,object[])
UnityEngine.Logger:Log (UnityEngine.LogType,object)
UnityEngine.Debug:Log (object)
VirtualHouse.Editor.HouseBlockoutGenerator:UpdateAndValidateOutdoorLayout () (at Assets/VirtualHouse/Editor/HouseOutdoorLayout.cs:195)

(Filename: Assets/VirtualHouse/Editor/HouseOutdoorLayout.cs Line: 195)

Start importing Assets/VirtualHouse/outdoor-bike-preview.png using Guid(c5217becd36ed97409a6a4937d5892ca) (TextureImporter) -> (artifact id: 'b24c1e17f40d0063a93b8b4c040f4dde') in 0.0591768 seconds
Start importing Assets/VirtualHouse/outdoor-layout-plan-preview.png using Guid(a7cd5d18bf4ae0e46ad3aa3cb3aaf7ee) (TextureImporter) -> (artifact id: '16f0a15cf89d0ccdb53337250a6adf5e') in 0.0462501 seconds
Start importing Assets/VirtualHouse/outdoor-car-preview.png using Guid(09cc30ad90a53a9448bfe272e990ca53) (TextureImporter) -> (artifact id: 'a2beaaf2aa3d7e7bed7c0be367195023') in 0.0422163 seconds
Start importing Assets/VirtualHouse/outdoor-layout-perspective-preview.png using Guid(fad7281480009d140b6fceb6f71562b3) (TextureImporter) -> (artifact id: '5b1eedd1f05f369cef138952bb48edad') in 0.038517 seconds
Refreshing native plugins compatible for Editor in 5.39 ms, found 4 plugins.
Preloading 0 native plugins for Editor in 0.00 ms.
Asset Pipeline Refresh (id=b48e56e6e6f18974da91220838ac77f3): Total: 0.267 seconds - Initiated by RefreshV2(NoUpdateAssetOptions)
Opening scene 'Assets/Scenes/HouseRenovatedPlanC.unity'
Unloading 0 Unused Serialized files (Serialized files now loaded: 0)
Loaded scene 'Assets/Scenes/HouseRenovatedPlanC.unity'
	Deserialize:            68.896 ms
	Integration:            238.157 ms
	Integration of assets:  0.027 ms
	Thread Wait Time:       0.013 ms
	Total Operation Time:   307.092 ms
Unloading 192 unused Assets / (38.2 KB). Loaded Objects now: 15973.
Memory consumption went from 243.7 MB to 243.7 MB.
Total: 9.094800 ms (FindLiveObjects: 1.092900 ms CreateObjectMapping: 0.305400 ms MarkObjects: 7.306400 ms  DeleteObjects: 0.389000 ms)

Batchmode quit successfully invoked - shutting down!
[Physics::Module] Cleanup current backend.
[Physics::Module] Id: 0xf2b8ea05
Input System module state changed to: ShutdownInProgress.
Input System polling thread exited.
Input System module state changed to: Shutdown.
[Licensing::IpcConnector] LicenseClient-hirot-6000.3.24-notifications channel disconnected successfully.
[Licensing::IpcConnector] LicenseClient-hirot-6000.3.24 channel disconnected successfully.
AcceleratorClientConnectionCallback - disconnected - :0
Cleanup mono
Exiting batchmode successfully now!
Exiting without the bug reporter. Application will terminate with return code 0