[Licensing::Module] Trying to connect to existing licensing client channel...
Built from '6000.3/staging' branch; Version is '6000.3.24f1 (4e7b9b5b6244) revision 5143451'; Using compiler version '194234433'; Build Type 'Release'
OS: 'Windows 11  (10.0.26200) Core' Language: 'ja' Physical Memory: 28476 MB
BatchMode: 1, IsHumanControllingUs: 0, StartBugReporterOnCrash: 0, Is64bit: 1
System  architecture: x64
Process architecture: x64
Date: 2026-10-09T14:24:22Z
[Licensing::IpcConnector] Channel LicenseClient-hirot doesn't exist
[Licensing::Module] Successfully launched the LicensingClient (PId: 12588)

COMMAND LINE ARGUMENTS:
C:\Program Files\Unity\Hub\Editor\6000.3.24f1\Editor\Unity.exe
-batchmode
-quit
-projectPath
C:/Users/hirot/Desktop/Development/Unity/virtual-my-house
-executeMethod
VirtualHouse.Editor.HouseBlockoutGenerator.UpdateAndValidateOutdoorLayout
-logFile
C:/Users/hirot/Desktop/Development/Unity/virtual-my-house/outdoor-layout-final.log
Successfully changed project path to: C:/Users/hirot/Desktop/Development/Unity/virtual-my-house
C:/Users/hirot/Desktop/Development/Unity/virtual-my-house
[UnityMemory] Configuration Parameters - Can be set up in boot.config
    "memorysetup-temp-allocator-size-nav-mesh-worker=65536"
    "memorysetup-temp-allocator-size-audio-worker=65536"
    "memorysetup-temp-allocator-size-gfx=262144"
    "memorysetup-allocator-temp-initial-block-size-main=262144"
    "memorysetup-allocator-temp-initial-block-size-worker=262144"
    "memorysetup-temp-allocator-size-background-worker=32768"
    "memorysetup-temp-allocator-size-job-worker=262144"
    "memorysetup-temp-allocator-size-preload-manager=33554432"
    "memorysetup-remapper-allocator-initial-capacity=32768"
    "memorysetup-temp-allocator-size-gi-baking-worker=262144"
    "memorysetup-temp-allocator-size-gi-baking-worker=262144"
    "memorysetup-temp-allocator-size-gi-baking-worker=262144"
    "memorysetup-temp-allocator-size-gi-baking-worker=262144"
    "memorysetup-temp-allocator-size-gi-baking-worker=262144"
    "memorysetup-bucket-allocator-granularity=16"
    "memorysetup-bucket-allocator-bucket-count=8"
    "memorysetup-bucket-allocator-block-size=33554432"
    "memorysetup-bucket-allocator-block-count=8"
    "memorysetup-main-allocator-block-size=16777216"
    "memorysetup-thread-allocator-block-size=16777216"
    "memorysetup-gfx-main-allocator-block-size=16777216"
    "memorysetup-gfx-thread-allocator-block-size=16777216"
    "memorysetup-cache-allocator-block-size=4194304"
    "memorysetup-typetree-allocator-block-size=2097152"
    "memorysetup-profiler-bucket-allocator-granularity=16"
    "memorysetup-profiler-bucket-allocator-bucket-count=8"
    "memorysetup-profiler-bucket-allocator-block-size=33554432"
    "memorysetup-profiler-bucket-allocator-block-count=8"
    "memorysetup-profiler-allocator-block-size=16777216"
    "memorysetup-profiler-editor-allocator-block-size=1048576"
    "memorysetup-temp-allocator-size-main=16777216"
    "memorysetup-job-temp-allocator-block-size=2097152"
    "memorysetup-job-temp-allocator-block-size-background=1048576"
    "memorysetup-job-temp-allocator-reduction-small-platforms=262144"
    "memorysetup-temp-allocator-size-cloud-worker=32768"
Player connection [29148]  Target information:

Player connection [29148]  * "[IP] 172.26.16.1 [Port] 55504 [Flags] 2 [Guid] 1507523180 [EditorId] 1507523180 [Version] 1048832 [Id] WindowsEditor(7,Lenovo_2025) [Debug] 1 [PackageName] WindowsEditor [ProjectName] Editor" 

Player connection [29148]  * "[IP] 192.168.3.134 [Port] 55504 [Flags] 2 [Guid] 1507523180 [EditorId] 1507523180 [Version] 1048832 [Id] WindowsEditor(7,Lenovo_2025) [Debug] 1 [PackageName] WindowsEditor [ProjectName] Editor" 

Player connection [29148] Host joined multi-casting on [225.0.0.222:54997]...
Player connection [29148] Host joined alternative multi-casting on [225.0.0.222:34997]...
Input System module state changed to: Initialized.
[Physics::Module] Initialized fallback backend.
[Physics::Module] Id: 0xdecafbad
[Package Manager] Connected to IPC stream "Upm-36892" after 0.4 seconds.
[Licensing::Module] Licensing is not yet initialized.
[Licensing::IpcConnector] Successfully connected to: "LicenseClient-hirot" at "2026-10-09T14:24:23.8153051Z"
[Licensing::Client] Code 10 while verifying Licensing Client signature (process Id: 12588, path: "C:/Program Files/Unity/Hub/Editor/6000.3.24f1/Editor/Data/Resources/Licensing/Client/Unity.Licensing.Client.exe")
[Licensing::Module] LicensingClient has failed validation; ignoring
[Licensing::Client] Handshaking with LicensingClient:
  Version:                 1.18.3+d7ffd15
  Session Id:              7b6f6f38dae44bb186193da557827437
  Correlation Id:          5dd102c4e4cdd21ebe78596e6f1f1bbf
  External correlation Id: 8933877052386041354
  Machine Id:              nJag+EO5V1MQiwWSp86wfkAsNsI=
[Licensing::Module] Successfully connected to LicensingClient on channel: "LicenseClient-hirot" (connect: 0.86s, validation: 0.32s, handshake: 0.07s)
[Licensing::IpcConnector] Successfully connected to: "LicenseClient-hirot-notifications" at "2026-10-09T14:24:24.2113029Z"
[Licensing::Module] Connected to LicensingClient (PId: 12588, launch time: 0.01, total connection time: 1.25s)
[Licensing::Module] Error: Access token is unavailable; failed to update
[Licensing::Client] Successfully resolved entitlement details
[Licensing::Module] License group:
  Id: 15668393859854-UnityPersXXXX
  Product: Unity Personal
  Type: Assigned
  Expiration: Unlimited
[Licensing::Client] Successfully updated license, isAsync: True, time: 0.02
[Licensing::Client] Successfully resolved entitlement details
[Licensing::Module] Licensing Background thread has ended after 1.36s
[Licensing::Module] Licensing is initialized (took 0.66s).
[Licensing::Client] Successfully resolved entitlement details
Library Redirect Path: Library/
[Physics::Module] Selected backend.
[Physics::Module] Name: PhysX
[Physics::Module] Id: 0xf2b8ea05
[Physics::Module] SDK Version: 4.1.2
[Physics::Module] Integration Version: 1.0.0
[Physics::Module] Threading Mode: Multi-Threaded
Artifact Garbage Collection - Removed 2 unused hashed content files
Refreshing native plugins compatible for Editor in 1.64 ms, found 0 plugins.
Preloading 0 native plugins for Editor in 0.00 ms.
Initialize engine version: 6000.3.24f1 (4e7b9b5b6244)
[Subsystems] Discovering subsystems at path C:/Program Files/Unity/Hub/Editor/6000.3.24f1/Editor/Data/Resources/UnitySubsystems
[Subsystems] Discovering subsystems at path C:/Users/hirot/Desktop/Development/Unity/virtual-my-house/Assets
GfxDevice: creating device client; kGfxThreadingModeNonThreaded
d3d12: failed to query info queue interface (0x80004002).
Direct3D:
    Version:         Direct3D 12 [level 12.2]
    Renderer:        AMD Radeon(TM) 780M Graphics (ID=0x1900)
    Vendor:          ATI
    VRAM:            14238 MB
    App VRAM Budget: 17473 MB
    Driver:          32.0.21030.11004
    Unified Memory Architecture
Initialize mono
Mono path[0] = 'C:/Program Files/Unity/Hub/Editor/6000.3.24f1/Editor/Data/Managed'
Mono path[1] = 'C:/Program Files/Unity/Hub/Editor/6000.3.24f1/Editor/Data/MonoBleedingEdge/lib/mono/unityjit-win32'
Mono config path = 'C:/Program Files/Unity/Hub/Editor/6000.3.24f1/Editor/Data/MonoBleedingEdge/etc'
Using monoOptions --debugger-agent=transport=dt_socket,embedding=1,server=y,suspend=n,address=127.0.0.1:56892
Using cacheserver namespaces - metadata:defaultmetadata, artifacts:defaultartifacts
Using cacheserver namespaces - metadata:defaultmetadata, artifacts:defaultartifacts
ImportWorker Server TCP listen port: 0
AcceleratorClientConnectionCallback - disconnected - :0
Begin MonoManager ReloadAssembly
Registering precompiled unity dll's ...
Register platform support module: C:/Program Files/Unity/Hub/Editor/6000.3.24f1/Editor/Data/PlaybackEngines/WebGLSupport/UnityEditor.WebGL.Extensions.dll
Register platform support module: C:/Program Files/Unity/Hub/Editor/6000.3.24f1/Editor/Data/PlaybackEngines/WindowsStandaloneSupport/UnityEditor.WindowsStandalone.Extensions.dll
Registered in 0.007263 seconds.
- Loaded All Assemblies, in  0.742 seconds
Native extension for WindowsStandalone target not found
Native extension for WebGL target not found
Package Manager log level set to [2]
ScheduleIndexationOnStartup MainProcess:False IndexOnStartup:True
Mono: successfully reloaded assembly
- Finished resetting the current domain, in  0.595 seconds
Domain Reload Profiling: 1333ms
	BeginReloadAssembly (296ms)
		ExecutionOrderSort (0ms)
		DisableScriptedObjects (0ms)
		BackupInstance (0ms)
		ReleaseScriptingObjects (0ms)
		CreateAndSetChildDomain (32ms)
	RebuildCommonClasses (62ms)
	RebuildNativeTypeToScriptingClass (23ms)
	initialDomainReloadingComplete (84ms)
	LoadAllAssembliesAndSetupDomain (273ms)
		LoadAssemblies (262ms)
		RebuildTransferFunctionScriptingTraits (0ms)
		AnalyzeDomain (266ms)
			TypeCache.Refresh (263ms)
				TypeCache.ScanAssembly (241ms)
			BuildScriptInfoCaches (0ms)
			ResolveRequiredComponents (1ms)
	FinalizeReload (596ms)
		ReleaseScriptCaches (0ms)
		RebuildScriptCaches (0ms)
		SetupLoadedEditorAssemblies (535ms)
			LogAssemblyErrors (0ms)
			InitializePlatformSupportModulesInManaged (84ms)
			SetLoadedEditorAssemblies (6ms)
			BeforeProcessingInitializeOnLoad (112ms)
			ProcessInitializeOnLoadAttributes (195ms)
			ProcessInitializeOnLoadMethodAttributes (138ms)
			AfterProcessingInitializeOnLoad (0ms)
			EditorAssembliesLoaded (0ms)
		ExecutionOrderSort2 (0ms)
		AwakeInstancesAfterBackupRestoration (0ms)
[Licensing::Client] Successfully resolved entitlement details
Application.AssetDatabase Initial Refresh Start
[Package Manager] Restoring resolved packages state from cache
[Licensing::Client] Successfully resolved entitlement details
[Package Manager] Registered 57 packages:
  Packages from [https://packages.unity.com]:
    com.unity.ai.navigation@2.0.14 (location: C:\Users\hirot\Desktop\Development\Unity\virtual-my-house\Library\PackageCache\com.unity.ai.navigation@134dd6a3b97b)
    com.unity.collab-proxy@2.13.6 (location: C:\Users\hirot\Desktop\Development\Unity\virtual-my-house\Library\PackageCache\com.unity.collab-proxy@4628d2ba6ea4)
    com.unity.ide.rider@3.0.40 (location: C:\Users\hirot\Desktop\Development\Unity\virtual-my-house\Library\PackageCache\com.unity.ide.rider@e4950c6d131b)
    com.unity.ide.visualstudio@2.0.26 (location: C:\Users\hirot\Desktop\Development\Unity\virtual-my-house\Library\PackageCache\com.unity.ide.visualstudio@a99d56dec63f)
    com.unity.inputsystem@1.20.0 (location: C:\Users\hirot\Desktop\Development\Unity\virtual-my-house\Library\PackageCache\com.unity.inputsystem@7a4e1a2a8194)
    com.unity.timeline@1.8.13 (location: C:\Users\hirot\Desktop\Development\Unity\virtual-my-house\Library\PackageCache\com.unity.timeline@3a22918286f5)
    com.unity.visualscripting@1.9.12 (location: C:\Users\hirot\Desktop\Development\Unity\virtual-my-house\Library\PackageCache\com.unity.visualscripting@4edfcc09512f)
    com.unity.searcher@4.9.5 (location: C:\Users\hirot\Desktop\Development\Unity\virtual-my-house\Library\PackageCache\com.unity.searcher@a463122f2c00)
    com.unity.burst@1.8.30 (location: C:\Users\hirot\Desktop\Development\Unity\virtual-my-house\Library\PackageCache\com.unity.burst@2f3d916873ea)
    com.unity.mathematics@1.3.3 (location: C:\Users\hirot\Desktop\Development\Unity\virtual-my-house\Library\PackageCache\com.unity.mathematics@19a9377c4ffa)
    com.unity.collections@2.6.8 (location: C:\Users\hirot\Desktop\Development\Unity\virtual-my-house\Library\PackageCache\com.unity.collections@84e8eb3fc12e)
    com.unity.nuget.mono-cecil@1.11.6 (location: C:\Users\hirot\Desktop\Development\Unity\virtual-my-house\Library\PackageCache\com.unity.nuget.mono-cecil@ecb9724e46ff)
    com.unity.test-framework.performance@3.5.0 (location: C:\Users\hirot\Desktop\Development\Unity\virtual-my-house\Library\PackageCache\com.unity.test-framework.performance@8b56083ec0f0)
  Built-in packages:
    com.unity.multiplayer.center@1.0.1 (location: C:\Users\hirot\Desktop\Development\Unity\virtual-my-house\Library\PackageCache\com.unity.multiplayer.center@f01f4ba8d00a)
    com.unity.render-pipelines.universal@17.3.0 (location: C:\Users\hirot\Desktop\Development\Unity\virtual-my-house\Library\PackageCache\com.unity.render-pipelines.universal@a8b4b2fc3560)
    com.unity.test-framework@1.6.0 (location: C:\Users\hirot\Desktop\Development\Unity\virtual-my-house\Library\PackageCache\com.unity.test-framework@bd7f943e9647)
    com.unity.ugui@2.0.0 (location: C:\Users\hirot\Desktop\Development\Unity\virtual-my-house\Library\PackageCache\com.unity.ugui@b996e7548785)
    com.unity.modules.accessibility@1.0.0 (location: C:\Users\hirot\Desktop\Development\Unity\virtual-my-house\Library\PackageCache\com.unity.modules.accessibility)
    com.unity.modules.adaptiveperformance@1.0.0 (location: C:\Users\hirot\Desktop\Development\Unity\virtual-my-house\Library\PackageCache\com.unity.modules.adaptiveperformance)
    com.unity.modules.ai@1.0.0 (location: C:\Users\hirot\Desktop\Development\Unity\virtual-my-house\Library\PackageCache\com.unity.modules.ai)
    com.unity.modules.androidjni@1.0.0 (location: C:\Users\hirot\Desktop\Development\Unity\virtual-my-house\Library\PackageCache\com.unity.modules.androidjni)
    com.unity.modules.animation@1.0.0 (location: C:\Users\hirot\Desktop\Development\Unity\virtual-my-house\Library\PackageCache\com.unity.modules.animation)
    com.unity.modules.assetbundle@1.0.0 (location: C:\Users\hirot\Desktop\Development\Unity\virtual-my-house\Library\PackageCache\com.unity.modules.assetbundle)
    com.unity.modules.audio@1.0.0 (location: C:\Users\hirot\Desktop\Development\Unity\virtual-my-house\Library\PackageCache\com.unity.modules.audio)
    com.unity.modules.cloth@1.0.0 (location: C:\Users\hirot\Desktop\Development\Unity\virtual-my-house\Library\PackageCache\com.unity.modules.cloth)
    com.unity.modules.director@1.0.0 (location: C:\Users\hirot\Desktop\Development\Unity\virtual-my-house\Library\PackageCache\com.unity.modules.director)
    com.unity.modules.imageconversion@1.0.0 (location: C:\Users\hirot\Desktop\Development\Unity\virtual-my-house\Library\PackageCache\com.unity.modules.imageconversion)
    com.unity.modules.imgui@1.0.0 (location: C:\Users\hirot\Desktop\Development\Unity\virtual-my-house\Library\PackageCache\com.unity.modules.imgui)
    com.unity.modules.jsonserialize@1.0.0 (location: C:\Users\hirot\Desktop\Development\Unity\virtual-my-house\Library\PackageCache\com.unity.modules.jsonserialize)
    com.unity.modules.particlesystem@1.0.0 (location: C:\Users\hirot\Desktop\Development\Unity\virtual-my-house\Library\PackageCache\com.unity.modules.particlesystem)
    com.unity.modules.physics@1.0.0 (location: C:\Users\hirot\Desktop\Development\Unity\virtual-my-house\Library\PackageCache\com.unity.modules.physics)
    com.unity.modules.physics2d@1.0.0 (location: C:\Users\hirot\Desktop\Development\Unity\virtual-my-house\Library\PackageCache\com.unity.modules.physics2d)
    com.unity.modules.screencapture@1.0.0 (location: C:\Users\hirot\Desktop\Development\Unity\virtual-my-house\Library\PackageCache\com.unity.modules.screencapture)
    com.unity.modules.terrain@1.0.0 (location: C:\Users\hirot\Desktop\Development\Unity\virtual-my-house\Library\PackageCache\com.unity.modules.terrain)
    com.unity.modules.terrainphysics@1.0.0 (location: C:\Users\hirot\Desktop\Development\Unity\virtual-my-house\Library\PackageCache\com.unity.modules.terrainphysics)
    com.unity.modules.tilemap@1.0.0 (location: C:\Users\hirot\Desktop\Development\Unity\virtual-my-house\Library\PackageCache\com.unity.modules.tilemap)
    com.unity.modules.ui@1.0.0 (location: C:\Users\hirot\Desktop\Development\Unity\virtual-my-house\Library\PackageCache\com.unity.modules.ui)
    com.unity.modules.uielements@1.0.0 (location: C:\Users\hirot\Desktop\Development\Unity\virtual-my-house\Library\PackageCache\com.unity.modules.uielements)
    com.unity.modules.umbra@1.0.0 (location: C:\Users\hirot\Desktop\Development\Unity\virtual-my-house\Library\PackageCache\com.unity.modules.umbra)
    com.unity.modules.unityanalytics@1.0.0 (location: C:\Users\hirot\Desktop\Development\Unity\virtual-my-house\Library\PackageCache\com.unity.modules.unityanalytics)
    com.unity.modules.unitywebrequest@1.0.0 (location: C:\Users\hirot\Desktop\Development\Unity\virtual-my-house\Library\PackageCache\com.unity.modules.unitywebrequest)
    com.unity.modules.unitywebrequestassetbundle@1.0.0 (location: C:\Users\hirot\Desktop\Development\Unity\virtual-my-house\Library\PackageCache\com.unity.modules.unitywebrequestassetbundle)
    com.unity.modules.unitywebrequestaudio@1.0.0 (location: C:\Users\hirot\Desktop\Development\Unity\virtual-my-house\Library\PackageCache\com.unity.modules.unitywebrequestaudio)
    com.unity.modules.unitywebrequesttexture@1.0.0 (location: C:\Users\hirot\Desktop\Development\Unity\virtual-my-house\Library\PackageCache\com.unity.modules.unitywebrequesttexture)
    com.unity.modules.unitywebrequestwww@1.0.0 (location: C:\Users\hirot\Desktop\Development\Unity\virtual-my-house\Library\PackageCache\com.unity.modules.unitywebrequestwww)
    com.unity.modules.vectorgraphics@1.0.0 (location: C:\Users\hirot\Desktop\Development\Unity\virtual-my-house\Library\PackageCache\com.unity.modules.vectorgraphics)
    com.unity.modules.vehicles@1.0.0 (location: C:\Users\hirot\Desktop\Development\Unity\virtual-my-house\Library\PackageCache\com.unity.modules.vehicles)
    com.unity.modules.video@1.0.0 (location: C:\Users\hirot\Desktop\Development\Unity\virtual-my-house\Library\PackageCache\com.unity.modules.video)
    com.unity.modules.vr@1.0.0 (location: C:\Users\hirot\Desktop\Development\Unity\virtual-my-house\Library\PackageCache\com.unity.modules.vr)
    com.unity.modules.wind@1.0.0 (location: C:\Users\hirot\Desktop\Development\Unity\virtual-my-house\Library\PackageCache\com.unity.modules.wind)
    com.unity.modules.xr@1.0.0 (location: C:\Users\hirot\Desktop\Development\Unity\virtual-my-house\Library\PackageCache\com.unity.modules.xr)
    com.unity.modules.subsystems@1.0.0 (location: C:\Users\hirot\Desktop\Development\Unity\virtual-my-house\Library\PackageCache\com.unity.modules.subsystems)
    com.unity.modules.hierarchycore@1.0.0 (location: C:\Users\hirot\Desktop\Development\Unity\virtual-my-house\Library\PackageCache\com.unity.modules.hierarchycore)
    com.unity.ext.nunit@2.0.5 (location: C:\Users\hirot\Desktop\Development\Unity\virtual-my-house\Library\PackageCache\com.unity.ext.nunit@d8c07649098d)
    com.unity.render-pipelines.core@17.3.0 (location: C:\Users\hirot\Desktop\Development\Unity\virtual-my-house\Library\PackageCache\com.unity.render-pipelines.core@0bb36005e9ba)
    com.unity.shadergraph@17.3.0 (location: C:\Users\hirot\Desktop\Development\Unity\virtual-my-house\Library\PackageCache\com.unity.shadergraph@30c2e3926b79)
    com.unity.render-pipelines.universal-config@17.0.3 (location: C:\Users\hirot\Desktop\Development\Unity\virtual-my-house\Library\PackageCache\com.unity.render-pipelines.universal-config@8dc1aab4af1d)
[Subsystems] No new subsystems found in resolved package list.
[Package Manager] Done registering packages in 0.13 seconds
[ScriptCompilation] Requested script compilation because: Assetdatabase observed changes in script compilation related files
Starting: C:\Program Files\Unity\Hub\Editor\6000.3.24f1\Editor\Data\Tools\BuildPipeline\bee_backend.exe --ipc --defer-dag-verification --dagfile="Library/Bee/2000b0aE.dag" --continue-on-failure --profile="Library/Bee/backend1.traceevents" ScriptAssemblies
WorkingDir: C:/Users/hirot/Desktop/Development/Unity/virtual-my-house
DisplayProgressbar: Compiling Scripts
ExitCode: 0 Duration: 2s944ms
[693/881    0s] ILPP-Configuration Library/ilpp-configuration.nevergeneratedoutput
[877/881    0s] Csc Library/Bee/artifacts/2000b0aE.dag/Assembly-CSharp-Editor.dll (+2 others)
[878/881    1s] ILPostProcess Library/Bee/artifacts/2000b0aE.dag/post-processed/Assembly-CSharp-Editor.dll (+pdb)
Processing assembly Library/Bee/artifacts/2000b0aE.dag/Assembly-CSharp-Editor.dll, with 112 defines and 337 references

processors: Unity.Jobs.CodeGen.JobsILPostProcessor, zzzUnity.Burst.CodeGen.BurstILPostProcessor

running Unity.Jobs.CodeGen.JobsILPostProcessor

running zzzUnity.Burst.CodeGen.BurstILPostProcessor
[879/881    0s] CopyFiles Library/ScriptAssemblies/Assembly-CSharp-Editor.pdb
[880/881    0s] CopyFiles Library/ScriptAssemblies/Assembly-CSharp-Editor.dll
*** Tundra build success (2.86 seconds), 5 items updated, 881 evaluated
AssetDatabase: script compilation time: 4.137764s
Begin MonoManager ReloadAssembly
- Loaded All Assemblies, in  1.550 seconds
Refreshing native plugins compatible for Editor in 7.07 ms, found 4 plugins.
Native extension for WindowsStandalone target not found
Native extension for WebGL target not found
Refreshing native plugins compatible for Editor in 8.36 ms, found 4 plugins.
ScheduleIndexationOnStartup MainProcess:True IndexOnStartup:True
Mono: successfully reloaded assembly
- Finished resetting the current domain, in  5.284 seconds
Domain Reload Profiling: 6828ms
	BeginReloadAssembly (452ms)
		ExecutionOrderSort (0ms)
		DisableScriptedObjects (48ms)
		BackupInstance (0ms)
		ReleaseScriptingObjects (0ms)
		CreateAndSetChildDomain (149ms)
	RebuildCommonClasses (55ms)
	RebuildNativeTypeToScriptingClass (21ms)
	initialDomainReloadingComplete (52ms)
	LoadAllAssembliesAndSetupDomain (964ms)
		LoadAssemblies (783ms)
		RebuildTransferFunctionScriptingTraits (0ms)
		AnalyzeDomain (378ms)
			TypeCache.Refresh (264ms)
				TypeCache.ScanAssembly (247ms)
			BuildScriptInfoCaches (94ms)
			ResolveRequiredComponents (14ms)
	FinalizeReload (5285ms)
		ReleaseScriptCaches (0ms)
		RebuildScriptCaches (0ms)
		SetupLoadedEditorAssemblies (4822ms)
			LogAssemblyErrors (0ms)
			InitializePlatformSupportModulesInManaged (38ms)
			SetLoadedEditorAssemblies (5ms)
			BeforeProcessingInitializeOnLoad (275ms)
			ProcessInitializeOnLoadAttributes (4252ms)
			ProcessInitializeOnLoadMethodAttributes (241ms)
			AfterProcessingInitializeOnLoad (11ms)
			EditorAssembliesLoaded (2ms)
		ExecutionOrderSort2 (0ms)
		AwakeInstancesAfterBackupRestoration (52ms)
Start importing Assets/Scenes/HouseRenovatedAlternative.unity using Guid(f5b6c3a5188415c40a263eb92862cab4) (DefaultImporter) -> (artifact id: '7efd594e0b6534a078e6beee3ae706cd') in 0.0175462 seconds
Start importing Assets/Scenes/HouseRenovatedPlanC.unity using Guid(1c846c7be7afa404893cbbabb23a25bf) (DefaultImporter) -> (artifact id: 'eb59e89c35c8e08f461825e8f86c5ec3') in 0.0020482 seconds
Refreshing native plugins compatible for Editor in 7.93 ms, found 4 plugins.
Preloading 0 native plugins for Editor in 0.00 ms.
Asset Pipeline Refresh (id=20b1cf85b27089e4b952a56453fd05b5): Total: 12.435 seconds - Initiated by InitialRefreshV2(ForceSynchronousImport)
	Summary:
		Imports: total=2 (actual=2, local cache=0, cache server=0)
		Asset DB Process Time: managed=4 ms, native=6133 ms
		Asset DB Callback time: managed=344 ms, native=148 ms
		Scripting: domain reloads=1, domain reload time=1551 ms, compile time=4140 ms, other=112 ms
		Project Asset Count: scripts=1343, non-scripts=2605
		Asset File Changes: new=0, changed=4, moved=0, deleted=0
		Scan Filter Count: 0
	InvokeCustomDependenciesCallbacks: 0.002ms
	InvokePackagesCallback: 141.909ms
	ApplyChangesToAssetFolders: 1.238ms
	Scan: 212.206ms
	OnSourceAssetsModified: 1.522ms
	CategorizeAssetsWithTransientArtifact: 98.538ms
	ProcessAssetsWithTransientArtifactChanges: 109.429ms
	CategorizeAssets: 72.497ms
	ImportOutOfDateAssets: 5331.487ms (1166.132ms without children)
		ImportManagerImport: 23.046ms (1.849ms without children)
			ImportInProcess: 21.112ms
			UpdateCategorizedAssets: 0.085ms
		CompileScripts: 4139.944ms
		ReloadNativeAssets: 0.044ms
		UnloadImportedAssets: 0.882ms
		ReloadImportedAssets: 0.000ms
		EnsureUptoDateAssetsAreRegisteredWithGuidPM: 0.712ms
		InitializingProgressBar: 0.010ms
		PostProcessAllAssetNotificationsAddChangedAssets: 0.002ms
		OnDemandSchedulerStart: 0.714ms
	PostProcessAllAssets: 346.190ms
	Hotreload: 11.240ms
	GatherAllCurrentPrimaryArtifactRevisions: 0.004ms
	UnloadStreamsBegin: 3.414ms
	PersistCurrentRevisions: 0.405ms
	UnloadStreamsEnd: 0.002ms
	GenerateScriptTypeHashes: 3.234ms
	Untracked: 6104.499ms

Application.AssetDatabase Initial Refresh End
Launched and connected shader compiler UnityShaderCompiler.exe after 0.03 seconds
Scanning for USB devices : 7.469ms
Initializing Unity extensions:
[MODES] ModeService[none].Initialize
[MODES] ModeService[none].LoadModes
[MODES] Loading mode Default (0) for mode-current-id-virtual-my-house
Unloading 19 Unused Serialized files (Serialized files now loaded: 0)
Unloading 6677 unused Assets / (5.4 MB). Loaded Objects now: 7529.
Memory consumption went from 209.2 MB to 203.9 MB.
Total: 13.469000 ms (FindLiveObjects: 0.909700 ms CreateObjectMapping: 0.476000 ms MarkObjects: 8.978300 ms  DeleteObjects: 3.103000 ms)

Opening scene 'Assets/Scenes/HouseRenovated.unity'
Unloading 1 Unused Serialized files (Serialized files now loaded: 0)
Loaded scene 'Assets/Scenes/HouseRenovated.unity'
	Deserialize:            124.219 ms
	Integration:            735.307 ms
	Integration of assets:  0.031 ms
	Thread Wait Time:       0.047 ms
	Total Operation Time:   859.602 ms
Unloading 2 unused Assets / (1.0 KB). Loaded Objects now: 15163.
Memory consumption went from 209.3 MB to 209.3 MB.
Total: 11.940800 ms (FindLiveObjects: 1.986800 ms CreateObjectMapping: 0.630200 ms MarkObjects: 9.241300 ms  DeleteObjects: 0.080400 ms)

Start importing Assets/VirtualHouse/Materials/Outdoor_Black.mat using Guid(4018e25827a56044c823d081aaa1a7c1) (NativeFormatImporter) -> (artifact id: '615db1c982b7b0482cafb85a33de1dc2') in 0.0068282 seconds
Start importing Assets/VirtualHouse/Materials/Outdoor_Brick.mat using Guid(81a9c4180a587ac4ca91cb816dfcc88f) (NativeFormatImporter) -> (artifact id: '8742ab2e28fd262b3ae657d0d06492c3') in 0.0064896 seconds
Start importing Assets/VirtualHouse/Materials/Outdoor_Ivory.mat using Guid(34c39d070cc09df49873e19a8f0e7179) (NativeFormatImporter) -> (artifact id: '2a8a594af5130c3a871d84a85af15b75') in 0.0065556 seconds
Start importing Assets/VirtualHouse/Materials/Outdoor_Steel.mat using Guid(644256753cd337749bf205b8e6efbb0e) (NativeFormatImporter) -> (artifact id: '9baa3b162e6d4606db5631cb9c537368') in 0.0062031 seconds
Start importing Assets/VirtualHouse/Materials/Outdoor_Tomato.mat using Guid(f42d02c492d931048ab0ca65381ca496) (NativeFormatImporter) -> (artifact id: 'a7ee24bde23edfb5957b0461f46cdb44') in 0.0054276 seconds
Start importing Assets/VirtualHouse/Materials/Outdoor_Soil.mat using Guid(e7a3cc08035f9ad4fba702fefb4ac3f1) (NativeFormatImporter) -> (artifact id: '7603ec64d19b985853a355769e147e12') in 0.0053605 seconds
Start importing Assets/VirtualHouse/Materials/Outdoor_TailRed.mat using Guid(281b494a18446e645a2b635c557fbeb6) (NativeFormatImporter) -> (artifact id: 'cf2d944b118a54cac141193560086674') in 0.0051681 seconds
Start importing Assets/VirtualHouse/Materials/Outdoor_VehicleGlass.mat using Guid(0a43255be73077c4f8781f8b3a7c5dd5) (NativeFormatImporter) -> (artifact id: '2d0bf5674c8b8f04a52094977b8655aa') in 0.0058333 seconds
Start importing Assets/VirtualHouse/Materials/Outdoor_PoolBlue.mat using Guid(3b279e944c7d98c4589a3b8714a0cb18) (NativeFormatImporter) -> (artifact id: '7dcd80588eea17992bf3a25eb0223c20') in 0.006361 seconds
Start importing Assets/VirtualHouse/Materials/Outdoor_Mortar.mat using Guid(6b62909aa303f4841b9a4e9b6f1aa842) (NativeFormatImporter) -> (artifact id: 'df47057c888d27688e20152cb46017fd') in 0.0062235 seconds
Start importing Assets/VirtualHouse/Materials/Outdoor_Cedar.mat using Guid(db9d66a42ee92ec4da8c8e47726f85ae) (NativeFormatImporter) -> (artifact id: 'c09b85714fa13bd24433eb36b2060076') in 0.0073988 seconds
Start importing Assets/VirtualHouse/Materials/Outdoor_SientaGrey.mat using Guid(6cbd107577ad6684ba5dcaf60cc2ed4d) (NativeFormatImporter) -> (artifact id: '6315bce28e2f789bb9a609f9cf2b456d') in 0.0060557 seconds
Start importing Assets/VirtualHouse/Materials/Outdoor_CropGreen.mat using Guid(ad2e04410f0b4f84786a47673806db5a) (NativeFormatImporter) -> (artifact id: '952bf2cc31c56d7de2c51b0cdf09075e') in 0.0061418 seconds
Start importing Assets/VirtualHouse/Materials/Outdoor_Water.mat using Guid(bdc0e5ec53f206e4ba2c7b5047416219) (NativeFormatImporter) -> (artifact id: '9de518d2c8adb4e08eac3bede3385015') in 0.0049109 seconds
Refreshing native plugins compatible for Editor in 8.53 ms, found 4 plugins.
Preloading 0 native plugins for Editor in 0.00 ms.
Asset Pipeline Refresh (id=24bc46432e2b13547b81b7f13182756e): Total: 0.247 seconds - Initiated by StopAssetImportingV2(NoUpdateAssetOptions)
Start importing Assets/Scenes/HouseRenovated.unity using Guid(35dc82e47f0adb148a17229f7f6845d1) (DefaultImporter) -> (artifact id: 'bf95434a141967ea058b1c5f5e5b8fcf') in 0.0021144 seconds
Refreshing native plugins compatible for Editor in 7.47 ms, found 4 plugins.
Preloading 0 native plugins for Editor in 0.00 ms.
Asset Pipeline Refresh (id=8338bf1859bd9e441bcd612238a0e494): Total: 0.075 seconds - Initiated by StopAssetImportingV2(NoUpdateAssetOptions)
OUTDOOR VALIDATION PASSED: Assets/Scenes/HouseRenovated.unity; counts, lot bounds, entrance / parking approach, north exit, BBQ aisle and south garden walk.
UnityEngine.Debug:ExtractStackTraceNoAlloc (byte*,int,string)
UnityEngine.StackTraceUtility:ExtractStackTrace ()
UnityEngine.DebugLogHandler:Internal_Log (UnityEngine.LogType,UnityEngine.LogOption,string,UnityEngine.Object)
UnityEngine.DebugLogHandler:LogFormat (UnityEngine.LogType,UnityEngine.Object,string,object[])
UnityEngine.Logger:Log (UnityEngine.LogType,object)
UnityEngine.Debug:Log (object)
VirtualHouse.Editor.HouseBlockoutGenerator:UpdateAndValidateOutdoorLayout () (at Assets/VirtualHouse/Editor/HouseOutdoorLayout.cs:241)

(Filename: Assets/VirtualHouse/Editor/HouseOutdoorLayout.cs Line: 241)

Opening scene 'Assets/Scenes/HouseRenovatedAlternative.unity'
Unloading 24 Unused Serialized files (Serialized files now loaded: 0)
Loaded scene 'Assets/Scenes/HouseRenovatedAlternative.unity'
	Deserialize:            127.208 ms
	Integration:            378.573 ms
	Integration of assets:  0.030 ms
	Thread Wait Time:       0.106 ms
	Total Operation Time:   505.917 ms
Unloading 188 unused Assets / (37.1 KB). Loaded Objects now: 15183.
Memory consumption went from 212.3 MB to 212.3 MB.
Total: 14.278300 ms (FindLiveObjects: 1.766700 ms CreateObjectMapping: 0.616800 ms MarkObjects: 11.479100 ms  DeleteObjects: 0.414000 ms)

Start importing Assets/VirtualHouse/Materials/Outdoor_Black.mat using Guid(4018e25827a56044c823d081aaa1a7c1) (NativeFormatImporter) -> (artifact id: '615db1c982b7b0482cafb85a33de1dc2') in 0.0114864 seconds
Start importing Assets/VirtualHouse/Materials/Outdoor_Brick.mat using Guid(81a9c4180a587ac4ca91cb816dfcc88f) (NativeFormatImporter) -> (artifact id: '8742ab2e28fd262b3ae657d0d06492c3') in 0.0064393 seconds
Start importing Assets/VirtualHouse/Materials/Outdoor_Ivory.mat using Guid(34c39d070cc09df49873e19a8f0e7179) (NativeFormatImporter) -> (artifact id: '2a8a594af5130c3a871d84a85af15b75') in 0.0064541 seconds
Start importing Assets/VirtualHouse/Materials/Outdoor_Steel.mat using Guid(644256753cd337749bf205b8e6efbb0e) (NativeFormatImporter) -> (artifact id: '9baa3b162e6d4606db5631cb9c537368') in 0.0057568 seconds
Start importing Assets/VirtualHouse/Materials/Outdoor_Tomato.mat using Guid(f42d02c492d931048ab0ca65381ca496) (NativeFormatImporter) -> (artifact id: 'a7ee24bde23edfb5957b0461f46cdb44') in 0.0068683 seconds
Start importing Assets/VirtualHouse/Materials/Outdoor_Soil.mat using Guid(e7a3cc08035f9ad4fba702fefb4ac3f1) (NativeFormatImporter) -> (artifact id: '7603ec64d19b985853a355769e147e12') in 0.0067716 seconds
Start importing Assets/VirtualHouse/Materials/Outdoor_TailRed.mat using Guid(281b494a18446e645a2b635c557fbeb6) (NativeFormatImporter) -> (artifact id: 'cf2d944b118a54cac141193560086674') in 0.0059455 seconds
Start importing Assets/VirtualHouse/Materials/Outdoor_VehicleGlass.mat using Guid(0a43255be73077c4f8781f8b3a7c5dd5) (NativeFormatImporter) -> (artifact id: '2d0bf5674c8b8f04a52094977b8655aa') in 0.0066199 seconds
Start importing Assets/VirtualHouse/Materials/Outdoor_PoolBlue.mat using Guid(3b279e944c7d98c4589a3b8714a0cb18) (NativeFormatImporter) -> (artifact id: '7dcd80588eea17992bf3a25eb0223c20') in 0.0064354 seconds
Start importing Assets/VirtualHouse/Materials/Outdoor_Mortar.mat using Guid(6b62909aa303f4841b9a4e9b6f1aa842) (NativeFormatImporter) -> (artifact id: 'df47057c888d27688e20152cb46017fd') in 0.0055352 seconds
Start importing Assets/VirtualHouse/Materials/Outdoor_Cedar.mat using Guid(db9d66a42ee92ec4da8c8e47726f85ae) (NativeFormatImporter) -> (artifact id: 'c09b85714fa13bd24433eb36b2060076') in 0.0057959 seconds
Start importing Assets/VirtualHouse/Materials/Outdoor_SientaGrey.mat using Guid(6cbd107577ad6684ba5dcaf60cc2ed4d) (NativeFormatImporter) -> (artifact id: '6315bce28e2f789bb9a609f9cf2b456d') in 0.0059628 seconds
Start importing Assets/VirtualHouse/Materials/Outdoor_CropGreen.mat using Guid(ad2e04410f0b4f84786a47673806db5a) (NativeFormatImporter) -> (artifact id: '952bf2cc31c56d7de2c51b0cdf09075e') in 0.0077716 seconds
Start importing Assets/VirtualHouse/Materials/Outdoor_Water.mat using Guid(bdc0e5ec53f206e4ba2c7b5047416219) (NativeFormatImporter) -> (artifact id: '9de518d2c8adb4e08eac3bede3385015') in 0.005709 seconds
Refreshing native plugins compatible for Editor in 8.93 ms, found 4 plugins.
Preloading 0 native plugins for Editor in 0.00 ms.
Asset Pipeline Refresh (id=a8dbc33dc2868a944846a4931157b0fe): Total: 0.188 seconds - Initiated by StopAssetImportingV2(NoUpdateAssetOptions)
Start importing Assets/Scenes/HouseRenovatedAlternative.unity using Guid(f5b6c3a5188415c40a263eb92862cab4) (DefaultImporter) -> (artifact id: '09efeb52c0d00d477638091540f0c66c') in 0.0018041 seconds
Refreshing native plugins compatible for Editor in 7.85 ms, found 4 plugins.
Preloading 0 native plugins for Editor in 0.00 ms.
Asset Pipeline Refresh (id=80bcc46838ebe89458a6aea7220dc14b): Total: 0.070 seconds - Initiated by StopAssetImportingV2(NoUpdateAssetOptions)
OUTDOOR VALIDATION PASSED: Assets/Scenes/HouseRenovatedAlternative.unity; counts, lot bounds, entrance / parking approach, north exit, BBQ aisle and south garden walk.
UnityEngine.Debug:ExtractStackTraceNoAlloc (byte*,int,string)
UnityEngine.StackTraceUtility:ExtractStackTrace ()
UnityEngine.DebugLogHandler:Internal_Log (UnityEngine.LogType,UnityEngine.LogOption,string,UnityEngine.Object)
UnityEngine.DebugLogHandler:LogFormat (UnityEngine.LogType,UnityEngine.Object,string,object[])
UnityEngine.Logger:Log (UnityEngine.LogType,object)
UnityEngine.Debug:Log (object)
VirtualHouse.Editor.HouseBlockoutGenerator:UpdateAndValidateOutdoorLayout () (at Assets/VirtualHouse/Editor/HouseOutdoorLayout.cs:241)

(Filename: Assets/VirtualHouse/Editor/HouseOutdoorLayout.cs Line: 241)

Opening scene 'Assets/Scenes/HouseRenovatedPlanC.unity'
Unloading 22 Unused Serialized files (Serialized files now loaded: 0)
Loaded scene 'Assets/Scenes/HouseRenovatedPlanC.unity'
	Deserialize:            155.185 ms
	Integration:            396.486 ms
	Integration of assets:  0.054 ms
	Thread Wait Time:       -0.005 ms
	Total Operation Time:   551.719 ms
Unloading 188 unused Assets / (36.9 KB). Loaded Objects now: 15176.
Memory consumption went from 214.3 MB to 214.3 MB.
Total: 13.897700 ms (FindLiveObjects: 1.299100 ms CreateObjectMapping: 0.351200 ms MarkObjects: 11.777300 ms  DeleteObjects: 0.468600 ms)

Start importing Assets/VirtualHouse/Materials/Outdoor_Black.mat using Guid(4018e25827a56044c823d081aaa1a7c1) (NativeFormatImporter) -> (artifact id: '615db1c982b7b0482cafb85a33de1dc2') in 0.0113681 seconds
Start importing Assets/VirtualHouse/Materials/Outdoor_Brick.mat using Guid(81a9c4180a587ac4ca91cb816dfcc88f) (NativeFormatImporter) -> (artifact id: '8742ab2e28fd262b3ae657d0d06492c3') in 0.0063578 seconds
Start importing Assets/VirtualHouse/Materials/Outdoor_Ivory.mat using Guid(34c39d070cc09df49873e19a8f0e7179) (NativeFormatImporter) -> (artifact id: '2a8a594af5130c3a871d84a85af15b75') in 0.005548 seconds
Start importing Assets/VirtualHouse/Materials/Outdoor_Steel.mat using Guid(644256753cd337749bf205b8e6efbb0e) (NativeFormatImporter) -> (artifact id: '9baa3b162e6d4606db5631cb9c537368') in 0.0136711 seconds
Start importing Assets/VirtualHouse/Materials/Outdoor_Tomato.mat using Guid(f42d02c492d931048ab0ca65381ca496) (NativeFormatImporter) -> (artifact id: 'a7ee24bde23edfb5957b0461f46cdb44') in 0.0064195 seconds
Start importing Assets/VirtualHouse/Materials/Outdoor_Soil.mat using Guid(e7a3cc08035f9ad4fba702fefb4ac3f1) (NativeFormatImporter) -> (artifact id: '7603ec64d19b985853a355769e147e12') in 0.0061294 seconds
Start importing Assets/VirtualHouse/Materials/Outdoor_TailRed.mat using Guid(281b494a18446e645a2b635c557fbeb6) (NativeFormatImporter) -> (artifact id: 'cf2d944b118a54cac141193560086674') in 0.0071196 seconds
Start importing Assets/VirtualHouse/Materials/Outdoor_VehicleGlass.mat using Guid(0a43255be73077c4f8781f8b3a7c5dd5) (NativeFormatImporter) -> (artifact id: '2d0bf5674c8b8f04a52094977b8655aa') in 0.0062506 seconds
Start importing Assets/VirtualHouse/Materials/Outdoor_PoolBlue.mat using Guid(3b279e944c7d98c4589a3b8714a0cb18) (NativeFormatImporter) -> (artifact id: '7dcd80588eea17992bf3a25eb0223c20') in 0.0069063 seconds
Start importing Assets/VirtualHouse/Materials/Outdoor_Mortar.mat using Guid(6b62909aa303f4841b9a4e9b6f1aa842) (NativeFormatImporter) -> (artifact id: 'df47057c888d27688e20152cb46017fd') in 0.0069095 seconds
Start importing Assets/VirtualHouse/Materials/Outdoor_Cedar.mat using Guid(db9d66a42ee92ec4da8c8e47726f85ae) (NativeFormatImporter) -> (artifact id: 'c09b85714fa13bd24433eb36b2060076') in 0.0064095 seconds
Start importing Assets/VirtualHouse/Materials/Outdoor_SientaGrey.mat using Guid(6cbd107577ad6684ba5dcaf60cc2ed4d) (NativeFormatImporter) -> (artifact id: '6315bce28e2f789bb9a609f9cf2b456d') in 0.0059238 seconds
Start importing Assets/VirtualHouse/Materials/Outdoor_CropGreen.mat using Guid(ad2e04410f0b4f84786a47673806db5a) (NativeFormatImporter) -> (artifact id: '952bf2cc31c56d7de2c51b0cdf09075e') in 0.0065304 seconds
Start importing Assets/VirtualHouse/Materials/Outdoor_Water.mat using Guid(bdc0e5ec53f206e4ba2c7b5047416219) (NativeFormatImporter) -> (artifact id: '9de518d2c8adb4e08eac3bede3385015') in 0.0051319 seconds
Refreshing native plugins compatible for Editor in 7.80 ms, found 4 plugins.
Preloading 0 native plugins for Editor in 0.00 ms.
Asset Pipeline Refresh (id=f10a34c4d315da04ea4b6c4076dc504f): Total: 0.199 seconds - Initiated by StopAssetImportingV2(NoUpdateAssetOptions)
Start importing Assets/Scenes/HouseRenovatedPlanC.unity using Guid(1c846c7be7afa404893cbbabb23a25bf) (DefaultImporter) -> (artifact id: '1aab6d1e459aaba178e6640be90b6b88') in 0.002358 seconds
Refreshing native plugins compatible for Editor in 7.84 ms, found 4 plugins.
Preloading 0 native plugins for Editor in 0.00 ms.
Asset Pipeline Refresh (id=b82e3819af62bdb4c9d15be6e6d0f0ac): Total: 0.078 seconds - Initiated by StopAssetImportingV2(NoUpdateAssetOptions)
OUTDOOR VALIDATION PASSED: Assets/Scenes/HouseRenovatedPlanC.unity; counts, lot bounds, entrance / parking approach, north exit, BBQ aisle and south garden walk.
UnityEngine.Debug:ExtractStackTraceNoAlloc (byte*,int,string)
UnityEngine.StackTraceUtility:ExtractStackTrace ()
UnityEngine.DebugLogHandler:Internal_Log (UnityEngine.LogType,UnityEngine.LogOption,string,UnityEngine.Object)
UnityEngine.DebugLogHandler:LogFormat (UnityEngine.LogType,UnityEngine.Object,string,object[])
UnityEngine.Logger:Log (UnityEngine.LogType,object)
UnityEngine.Debug:Log (object)
VirtualHouse.Editor.HouseBlockoutGenerator:UpdateAndValidateOutdoorLayout () (at Assets/VirtualHouse/Editor/HouseOutdoorLayout.cs:241)

(Filename: Assets/VirtualHouse/Editor/HouseOutdoorLayout.cs Line: 241)

Start importing Assets/VirtualHouse/outdoor-layout-plan-preview.png using Guid(a7cd5d18bf4ae0e46ad3aa3cb3aaf7ee) (TextureImporter) -> (artifact id: '9bac000db89068ac0746ba43f5b6213a') in 0.0787502 seconds
Start importing Assets/VirtualHouse/outdoor-layout-perspective-preview.png using Guid(fad7281480009d140b6fceb6f71562b3) (TextureImporter) -> (artifact id: '0bd37d6536be13c7f02934a09dd29238') in 0.0683392 seconds
Refreshing native plugins compatible for Editor in 8.33 ms, found 4 plugins.
Preloading 0 native plugins for Editor in 0.00 ms.
Asset Pipeline Refresh (id=275a441fe1374b64aae79ba984b7e5e3): Total: 0.236 seconds - Initiated by RefreshV2(NoUpdateAssetOptions)
Opening scene 'Assets/Scenes/HouseRenovatedPlanC.unity'
Unloading 0 Unused Serialized files (Serialized files now loaded: 0)
Loaded scene 'Assets/Scenes/HouseRenovatedPlanC.unity'
	Deserialize:            105.334 ms
	Integration:            393.988 ms
	Integration of assets:  0.023 ms
	Thread Wait Time:       0.035 ms
	Total Operation Time:   499.380 ms
Unloading 188 unused Assets / (37.2 KB). Loaded Objects now: 15304.
Memory consumption went from 240.8 MB to 240.8 MB.
Total: 14.841800 ms (FindLiveObjects: 1.106800 ms CreateObjectMapping: 0.269600 ms MarkObjects: 13.065600 ms  DeleteObjects: 0.398300 ms)

Batchmode quit successfully invoked - shutting down!
[Physics::Module] Cleanup current backend.
[Physics::Module] Id: 0xf2b8ea05
Input System module state changed to: ShutdownInProgress.
Input System polling thread exited.
Input System module state changed to: Shutdown.
[Licensing::IpcConnector] LicenseClient-hirot-notifications channel disconnected successfully.
[Licensing::IpcConnector] LicenseClient-hirot channel disconnected successfully.
AcceleratorClientConnectionCallback - disconnected - :0
Cleanup mono
Exiting batchmode successfully now!
Exiting without the bug reporter. Application will terminate with return code 0